Component: ARM Compiler 5.06 update 3 (build 300) Tool: armlink [4d35c9]

==============================================================================

Section Cross References

    main.o(i.main) refers to _printf_percent.o(.ARM.Collect$$_printf_percent$$00000000) for _printf_percent
    main.o(i.main) refers to _printf_d.o(.ARM.Collect$$_printf_percent$$00000009) for _printf_d
    main.o(i.main) refers to _printf_dec.o(.text) for _printf_int_dec
    main.o(i.main) refers to misc.o(i.NVIC_PriorityGroupConfig) for NVIC_PriorityGroupConfig
    main.o(i.main) refers to delay.o(i.delay_init) for delay_init
    main.o(i.main) refers to led.o(i.led_init) for led_init
    main.o(i.main) refers to pwm.o(i.pwm_init) for pwm_init
    main.o(i.main) refers to usart.o(i.usart_init) for usart_init
    main.o(i.main) refers to speed.o(i.speed_interface_init) for speed_interface_init
    main.o(i.main) refers to mpu9250.o(i.MPU9250_Init) for MPU9250_Init
    main.o(i.main) refers to noretval__2printf.o(.text) for __2printf
    main.o(i.main) refers to led.o(i.led0_flash) for led0_flash
    main.o(i.main) refers to timer.o(i.timer_init) for timer_init
    main.o(i.main) refers to ctrl.o(i.ctrl_init) for ctrl_init
    main.o(i.main) refers to flysky.o(i.flysky_loop) for flysky_loop
    main.o(i.main) refers to mpu9250.o(.bss) for mpu6050
    main.o(i.main) refers to mpu9250.o(.data) for Mag_CALIBRATED
    ctrl.o(i.ctrl_init) refers to ctrl.o(.data) for ctrl
    ctrl.o(i.enable_motor) refers to pwm.o(.data) for motor1
    ctrl.o(i.mpu6050_send_data) refers to ctrl.o(i.usart1_niming_report) for usart1_niming_report
    ctrl.o(i.set_toward) refers to frleqf.o(x$fpl$frleqf) for __aeabi_cfrcmple
    ctrl.o(i.set_toward) refers to pwm.o(.data) for motor1
    ctrl.o(i.speed_value) refers to faddsub_clz.o(x$fpl$fsub) for __aeabi_fsub
    ctrl.o(i.speed_value) refers to fmul.o(x$fpl$fmul) for __aeabi_fmul
    ctrl.o(i.speed_value) refers to fdiv.o(x$fpl$fdiv) for __aeabi_fdiv
    ctrl.o(i.speed_value) refers to flysky.o(.bss) for CH
    ctrl.o(i.system_ctrl) refers to speed.o(i.speed_measure) for speed_measure
    ctrl.o(i.system_ctrl) refers to ctrl.o(i.enable_motor) for enable_motor
    ctrl.o(i.system_ctrl) refers to fflt_clz.o(x$fpl$ffltu) for __aeabi_ui2f
    ctrl.o(i.system_ctrl) refers to faddsub_clz.o(x$fpl$fsub) for __aeabi_fsub
    ctrl.o(i.system_ctrl) refers to fmul.o(x$fpl$fmul) for __aeabi_fmul
    ctrl.o(i.system_ctrl) refers to fdiv.o(x$fpl$fdiv) for __aeabi_fdiv
    ctrl.o(i.system_ctrl) refers to frleqf.o(x$fpl$frleqf) for __aeabi_cfrcmple
    ctrl.o(i.system_ctrl) refers to fleqf.o(x$fpl$fleqf) for __aeabi_cfcmple
    ctrl.o(i.system_ctrl) refers to ctrl.o(i.set_toward) for set_toward
    ctrl.o(i.system_ctrl) refers to ctrl.o(i.turn_value) for turn_value
    ctrl.o(i.system_ctrl) refers to ctrl.o(i.speed_value) for speed_value
    ctrl.o(i.system_ctrl) refers to faddsub_clz.o(x$fpl$fadd) for __aeabi_fadd
    ctrl.o(i.system_ctrl) refers to ffixu.o(x$fpl$ffixu) for __aeabi_f2uiz
    ctrl.o(i.system_ctrl) refers to pwm.o(i.set_pwm) for set_pwm
    ctrl.o(i.system_ctrl) refers to usart.o(.data) for rx_ch
    ctrl.o(i.system_ctrl) refers to flysky.o(.bss) for CH
    ctrl.o(i.system_ctrl) refers to ctrl.o(.data) for ctrl
    ctrl.o(i.system_ctrl) refers to imu.o(.data) for IMU_Yaw
    ctrl.o(i.system_ctrl) refers to ultrasound.o(.data) for straight_angle
    ctrl.o(i.system_ctrl) refers to mpu9250.o(.bss) for mpu6050
    ctrl.o(i.system_ctrl) refers to pwm.o(.data) for motor1
    ctrl.o(i.turn_value) refers to frleqf.o(x$fpl$frleqf) for __aeabi_cfrcmple
    ctrl.o(i.turn_value) refers to fleqf.o(x$fpl$fleqf) for __aeabi_cfcmple
    ctrl.o(i.turn_value) refers to f2d.o(x$fpl$f2d) for __aeabi_f2d
    ctrl.o(i.turn_value) refers to dmul.o(x$fpl$dmul) for __aeabi_dmul
    ctrl.o(i.turn_value) refers to d2f.o(x$fpl$d2f) for __aeabi_d2f
    ctrl.o(i.turn_value) refers to fmul.o(x$fpl$fmul) for __aeabi_fmul
    ctrl.o(i.turn_value) refers to faddsub_clz.o(x$fpl$fadd) for __aeabi_fadd
    ctrl.o(i.usart1_niming_report) refers to ctrl.o(i.usart1_send_char) for usart1_send_char
    ctrl.o(i.usart1_report_imu) refers to ctrl.o(i.usart1_niming_report) for usart1_niming_report
    delay.o(i.delay_init) refers to misc.o(i.SysTick_CLKSourceConfig) for SysTick_CLKSourceConfig
    delay.o(i.delay_init) refers to system_stm32f10x.o(.data) for SystemCoreClock
    delay.o(i.delay_init) refers to delay.o(.data) for fac_us
    delay.o(i.delay_ms) refers to delay.o(.data) for fac_ms
    delay.o(i.delay_us) refers to delay.o(.data) for fac_us
    led.o(i.led0_flash) refers to delay.o(i.delay_ms) for delay_ms
    led.o(i.led1_flash) refers to delay.o(i.delay_ms) for delay_ms
    led.o(i.led_init) refers to stm32f10x_rcc.o(i.RCC_APB2PeriphClockCmd) for RCC_APB2PeriphClockCmd
    led.o(i.led_init) refers to stm32f10x_gpio.o(i.GPIO_Init) for GPIO_Init
    led.o(i.led_init) refers to stm32f10x_gpio.o(i.GPIO_SetBits) for GPIO_SetBits
[...]
    i.IIC_Send_Byte                          0x08001efc   Section        0  mpuiic.o(i.IIC_Send_Byte)
    i.IIC_Start                              0x08001f64   Section        0  mpuiic.o(i.IIC_Start)
    i.IIC_Stop                               0x08001fb0   Section        0  mpuiic.o(i.IIC_Stop)
    i.IIC_Wait_Ack                           0x08001ffc   Section        0  mpuiic.o(i.IIC_Wait_Ack)
    i.MPU6050_Data_Offset                    0x08002060   Section        0  mpu9250.o(i.MPU6050_Data_Offset)
    i.MPU9250_Init                           0x080021f8   Section        0  mpu9250.o(i.MPU9250_Init)
    i.MPU_Get_Accelerometer                  0x080022d4   Section        0  mpu9250.o(i.MPU_Get_Accelerometer)
    i.MPU_Get_Gyroscope                      0x08002324   Section        0  mpu9250.o(i.MPU_Get_Gyroscope)
    i.MPU_Get_Magnetometer                   0x08002374   Section        0  mpu9250.o(i.MPU_Get_Magnetometer)
    i.MPU_Read_Byte                          0x080023ce   Section        0  mpu9250.o(i.MPU_Read_Byte)
    i.MPU_Read_Len                           0x08002416   Section        0  mpu9250.o(i.MPU_Read_Len)
    i.MPU_Set_Accel_Fsr                      0x0800248a   Section        0  mpu9250.o(i.MPU_Set_Accel_Fsr)
    i.MPU_Set_Gyro_Fsr                       0x0800249c   Section        0  mpu9250.o(i.MPU_Set_Gyro_Fsr)
    i.MPU_Set_LPF                            0x080024ae   Section        0  mpu9250.o(i.MPU_Set_LPF)
    i.MPU_Set_Rate                           0x080024ea   Section        0  mpu9250.o(i.MPU_Set_Rate)
    i.MPU_Write_Byte                         0x0800251e   Section        0  mpu9250.o(i.MPU_Write_Byte)
    i.MemManage_Handler                      0x0800256a   Section        0  stm32f10x_it.o(i.MemManage_Handler)
    i.NMI_Handler                            0x0800256e   Section        0  stm32f10x_it.o(i.NMI_Handler)
    i.NVIC_Init                              0x08002570   Section        0  misc.o(i.NVIC_Init)
    i.NVIC_PriorityGroupConfig               0x080025e0   Section        0  misc.o(i.NVIC_PriorityGroupConfig)
    i.PendSV_Handler                         0x080025f4   Section        0  stm32f10x_it.o(i.PendSV_Handler)
    i.RCC_APB1PeriphClockCmd                 0x080025f8   Section        0  stm32f10x_rcc.o(i.RCC_APB1PeriphClockCmd)
    i.RCC_APB2PeriphClockCmd                 0x08002618   Section        0  stm32f10x_rcc.o(i.RCC_APB2PeriphClockCmd)
    i.RCC_GetClocksFreq                      0x08002638   Section        0  stm32f10x_rcc.o(i.RCC_GetClocksFreq)
    i.Read_Packet                            0x0800270c   Section        0  flysky.o(i.Read_Packet)
    i.SPIread                                0x08002740   Section        0  flysky.o(i.SPIread)
    i.SPIwrite                               0x080027a4   Section        0  flysky.o(i.SPIwrite)
    i.SVC_Handler                            0x0800281c   Section        0  stm32f10x_it.o(i.SVC_Handler)
    i.SetSysClock                            0x0800281e   Section        0  system_stm32f10x.o(i.SetSysClock)
    SetSysClock                              0x0800281f   Thumb Code     8  system_stm32f10x.o(i.SetSysClock)
    i.SetSysClockTo72                        0x08002828   Section        0  system_stm32f10x.o(i.SetSysClockTo72)
    SetSysClockTo72                          0x08002829   Thumb Code   214  system_stm32f10x.o(i.SetSysClockTo72)
    i.Strobe                                 0x08002908   Section        0  flysky.o(i.Strobe)
    i.SysTick_CLKSourceConfig                0x0800292c   Section        0  misc.o(i.SysTick_CLKSourceConfig)
    i.SysTick_Handler                        0x08002954   Section        0  stm32f10x_it.o(i.SysTick_Handler)
    i.SystemInit                             0x08002958   Section        0  system_stm32f10x.o(i.SystemInit)
    i.TIM6_IRQHandler                        0x080029b8   Section        0  flysky.o(i.TIM6_IRQHandler)
    i.TIM7_IRQHandler                        0x080029ec   Section        0  timer.o(i.TIM7_IRQHandler)
    i.TIM_ARRPreloadConfig                   0x08002a80   Section        0  stm32f10x_tim.o(i.TIM_ARRPreloadConfig)
    i.TIM_ClearFlag                          0x08002a98   Section        0  stm32f10x_tim.o(i.TIM_ClearFlag)
    i.TIM_ClearITPendingBit                  0x08002a9e   Section        0  stm32f10x_tim.o(i.TIM_ClearITPendingBit)
    i.TIM_Cmd                                0x08002aa4   Section        0  stm32f10x_tim.o(i.TIM_Cmd)
    i.TIM_CtrlPWMOutputs                     0x08002abc   Section        0  stm32f10x_tim.o(i.TIM_CtrlPWMOutputs)
    i.TIM_EncoderInterfaceConfig             0x08002ada   Section        0  stm32f10x_tim.o(i.TIM_EncoderInterfaceConfig)
    i.TIM_GetITStatus                        0x08002b1c   Section        0  stm32f10x_tim.o(i.TIM_GetITStatus)
    i.TIM_ITConfig                           0x08002b3e   Section        0  stm32f10x_tim.o(i.TIM_ITConfig)
    i.TIM_OC1Init                            0x08002b50   Section        0  stm32f10x_tim.o(i.TIM_OC1Init)
    i.TIM_OC1PreloadConfig                   0x08002be8   Section        0  stm32f10x_tim.o(i.TIM_OC1PreloadConfig)
    i.TIM_OC2Init                            0x08002bfc   Section        0  stm32f10x_tim.o(i.TIM_OC2Init)
    i.TIM_OC2PreloadConfig                   0x08002ca0   Section        0  stm32f10x_tim.o(i.TIM_OC2PreloadConfig)
    i.TIM_OC3Init                            0x08002cbc   Section        0  stm32f10x_tim.o(i.TIM_OC3Init)
    i.TIM_OC3PreloadConfig                   0x08002d5c   Section        0  stm32f10x_tim.o(i.TIM_OC3PreloadConfig)
    i.TIM_SetCompare1                        0x08002d6e   Section        0  stm32f10x_tim.o(i.TIM_SetCompare1)
    i.TIM_SetCompare2                        0x08002d72   Section        0  stm32f10x_tim.o(i.TIM_SetCompare2)
    i.TIM_SetCompare3                        0x08002d76   Section        0  stm32f10x_tim.o(i.TIM_SetCompare3)
    i.TIM_TimeBaseInit                       0x08002d7c   Section        0  stm32f10x_tim.o(i.TIM_TimeBaseInit)
    i.To_180_degrees                         0x08002e20   Section        0  imu.o(i.To_180_degrees)
    i.USART1_IRQHandler                      0x08002e5c   Section        0  usart.o(i.USART1_IRQHandler)
    i.USART_ClearITPendingBit                0x08002f60   Section        0  stm32f10x_usart.o(i.USART_ClearITPendingBit)
    i.USART_Cmd                              0x08002f7e   Section        0  stm32f10x_usart.o(i.USART_Cmd)
    i.USART_GetFlagStatus                    0x08002f96   Section        0  stm32f10x_usart.o(i.USART_GetFlagStatus)
    i.USART_GetITStatus                      0x08002fb0   Section        0  stm32f10x_usart.o(i.USART_GetITStatus)
    i.USART_ITConfig                         0x08003004   Section        0  stm32f10x_usart.o(i.USART_ITConfig)
    i.USART_Init                             0x08003050   Section        0  stm32f10x_usart.o(i.USART_Init)
    i.USART_ReceiveData                      0x08003128   Section        0  stm32f10x_usart.o(i.USART_ReceiveData)
    i.UsageFault_Handler                     0x08003132   Section        0  stm32f10x_it.o(i.UsageFault_Handler)
    i.__ARM_fpclassify                       0x08003136   Section        0  fpclassify.o(i.__ARM_fpclassify)
    i.__kernel_poly                          0x0800315e   Section        0  poly.o(i.__kernel_poly)
    i.__mathlib_dbl_infnan                   0x08003208   Section        0  dunder.o(i.__mathlib_dbl_infnan)
    i.__mathlib_dbl_invalid                  0x0800320e   Section        0  dunder.o(i.__mathlib_dbl_invalid)
    i.__mathlib_dbl_underflow                0x0800321c   Section        0  dunder.o(i.__mathlib_dbl_underflow)
    i._sys_exit                              0x0800322c   Section        0  usart.o(i._sys_exit)
    i.asin                                   0x08003234   Section        0  asin.o(i.asin)
    i.ctrl_init                              0x080034a4   Section        0  ctrl.o(i.ctrl_init)
    i.delay_init                             0x080034b0   Section        0  delay.o(i.delay_init)
    i.delay_ms                               0x080034f4   Section        0  delay.o(i.delay_ms)
    i.delay_us                               0x08003540   Section        0  delay.o(i.delay_us)
    i.enable_motor                           0x0800358c   Section        0  ctrl.o(i.enable_motor)
    i.fast_atan2                             0x080035cc   Section        0  imu.o(i.fast_atan2)
    i.flysky_cb                              0x08003738   Section        0  flysky.o(i.flysky_cb)
    i.flysky_loop                            0x080038e4   Section        0  flysky.o(i.flysky_loop)
    i.fputc                                  0x080038f0   Section        0  usart.o(i.fputc)
    i.led0_flash                             0x0800390c   Section        0  led.o(i.led0_flash)
    i.led_init                               0x08003944   Section        0  led.o(i.led_init)
    i.mag_3d_trans                           0x08003994   Section        0  imu.o(i.mag_3d_trans)
    i.main                                   0x08003ac8   Section        0  main.o(i.main)
    i.my_abs                                 0x08003b54   Section        0  imu.o(i.my_abs)
    i.pwm_init                               0x08003b6c   Section        0  pwm.o(i.pwm_init)
    i.set_pwm                                0x08003c90   Section        0  pwm.o(i.set_pwm)
    i.set_toward                             0x08003df4   Section        0  ctrl.o(i.set_toward)
    i.set_ultra_edge                         0x08003e54   Section        0  ultrasound.o(i.set_ultra_edge)
    i.speed_interface_init                   0x08003e80   Section        0  speed.o(i.speed_interface_init)
    i.speed_measure                          0x08004040   Section        0  speed.o(i.speed_measure)
    i.speed_value                            0x08004088   Section        0  ctrl.o(i.speed_value)
    i.sqrt                                   0x080040d8   Section        0  sqrt.o(i.sqrt)
    i.system_ctrl                            0x08004124   Section        0  ctrl.o(i.system_ctrl)
    i.timer_init                             0x080043b4   Section        0  timer.o(i.timer_init)
    i.turn_value                             0x08004410   Section        0  ctrl.o(i.turn_value)
    i.usart_frame_deal                       0x0800448c   Section        0  usart.o(i.usart_frame_deal)
    i.usart_init                             0x080044e4   Section        0  usart.o(i.usart_init)
    x$fpl$d2f                                0x08004584   Section       98  d2f.o(x$fpl$d2f)
    x$fpl$dadd                               0x080045e8   Section      336  daddsub_clz.o(x$fpl$dadd)
    _dadd1                                   0x080045f9   Thumb Code     0  daddsub_clz.o(x$fpl$dadd)
    x$fpl$dcheck1                            0x08004738   Section       16  dcheck1.o(x$fpl$dcheck1)
    x$fpl$dcmpinf                            0x08004748   Section       24  dcmpi.o(x$fpl$dcmpinf)
    x$fpl$ddiv                               0x08004760   Section      688  ddiv.o(x$fpl$ddiv)
    ddiv_entry                               0x08004767   Thumb Code     0  ddiv.o(x$fpl$ddiv)
    x$fpl$dleqf                              0x08004a10   Section      120  dleqf.o(x$fpl$dleqf)
    x$fpl$dmul                               0x08004a88   Section      340  dmul.o(x$fpl$dmul)
    x$fpl$dnaninf                            0x08004bdc   Section      156  dnaninf.o(x$fpl$dnaninf)
    x$fpl$dretinf                            0x08004c78   Section       12  dretinf.o(x$fpl$dretinf)
    x$fpl$drleqf                             0x08004c84   Section      108  drleqf.o(x$fpl$drleqf)
    x$fpl$drsb                               0x08004cf0   Section       22  daddsub_clz.o(x$fpl$drsb)
    x$fpl$dsqrt                              0x08004d08   Section      460  dsqrt_noumaal.o(x$fpl$dsqrt)
    x$fpl$dsub                               0x08004ed4   Section      468  daddsub_clz.o(x$fpl$dsub)
    _dsub1                                   0x08004ee5   Thumb Code     0  daddsub_clz.o(x$fpl$dsub)
    x$fpl$f2d                                0x080050a8   Section       86  f2d.o(x$fpl$f2d)
    x$fpl$fadd                               0x08005100   Section      196  faddsub_clz.o(x$fpl$fadd)
    _fadd1                                   0x0800510f   Thumb Code     0  faddsub_clz.o(x$fpl$fadd)
    x$fpl$fcmpinf                            0x080051c4   Section       24  fcmpi.o(x$fpl$fcmpinf)
    x$fpl$fdiv                               0x080051dc   Section      388  fdiv.o(x$fpl$fdiv)
    _fdiv1                                   0x080051dd   Thumb Code     0  fdiv.o(x$fpl$fdiv)
    x$fpl$feqf                               0x08005360   Section      104  feqf.o(x$fpl$feqf)
    x$fpl$ffix                               0x080053c8   Section       54  ffix.o(x$fpl$ffix)
    x$fpl$ffixu                              0x08005400   Section       62  ffixu.o(x$fpl$ffixu)
    x$fpl$fflt                               0x08005440   Section       48  fflt_clz.o(x$fpl$fflt)
    x$fpl$ffltu                              0x08005470   Section       38  fflt_clz.o(x$fpl$ffltu)
    x$fpl$fleqf                              0x08005498   Section      104  fleqf.o(x$fpl$fleqf)
    x$fpl$fmul                               0x08005500   Section      258  fmul.o(x$fpl$fmul)
    x$fpl$fnaninf                            0x08005602   Section      140  fnaninf.o(x$fpl$fnaninf)
    x$fpl$fretinf                            0x0800568e   Section       10  fretinf.o(x$fpl$fretinf)
    x$fpl$frleqf                             0x08005698   Section       98  frleqf.o(x$fpl$frleqf)
    x$fpl$frsb                               0x080056fa   Section       20  faddsub_clz.o(x$fpl$frsb)
    x$fpl$fsub                               0x08005710   Section      234  faddsub_clz.o(x$fpl$fsub)
    _fsub1                                   0x0800571f   Thumb Code     0  faddsub_clz.o(x$fpl$fsub)
    x$fpl$retnan                             0x080057fa   Section      100  retnan.o(x$fpl$retnan)
    x$fpl$scalbn                             0x0800585e   Section       92  scalbn.o(x$fpl$scalbn)
    x$fpl$trapveneer                         0x080058ba   Section       48  trapv.o(x$fpl$trapveneer)
    .constdata                               0x080058ea   Section      307  flysky.o(.constdata)
    x$fpl$usenofp                            0x080058ea   Section        0  usenofp.o(x$fpl$usenofp)
    .constdata                               0x08005a20   Section       80  asin.o(.constdata)
    pS                                       0x08005a20   Data          48  asin.o(.constdata)
    qS                                       0x08005a50   Data          32  asin.o(.constdata)
    .data                                    0x20000000   Section        1  ctrl.o(.data)
    .data                                    0x20000002   Section        4  delay.o(.data)
    fac_us                                   0x20000002   Data           1  delay.o(.data)
    fac_ms                                   0x20000004   Data           2  delay.o(.data)
    .data                                    0x20000006   Section       24  pwm.o(.data)
    .data                                    0x20000020   Section        5  timer.o(.data)
    .data                                    0x20000028   Section       67  mpu9250.o(.data)
    MagMAX                                   0x20000050   Data          12  mpu9250.o(.data)
    MagMIN                                   0x2000005c   Data          12  mpu9250.o(.data)
    cnt_m                                    0x20000068   Data           2  mpu9250.o(.data)
    temp_i                                   0x2000006a   Data           1  mpu9250.o(.data)
    .data                                    0x2000006c   Section     1096  imu.o(.data)
    pn                                       0x200004a0   Data           1  imu.o(.data)
    h_tmp_x                                  0x200004a4   Data           4  imu.o(.data)
    h_tmp_y                                  0x200004a8   Data           4  imu.o(.data)
    yaw_correct                              0x200004ac   Data           4  imu.o(.data)
    yaw_mag                                  0x200004b0   Data           4  imu.o(.data)
    .data                                    0x200004b4   Section       54  ultrasound.o(.data)
    falling_time                             0x200004e0   Data           4  ultrasound.o(.data)
    rising_time                              0x200004e4   Data           4  ultrasound.o(.data)
    ultra_state                              0x200004e8   Data           1  ultrasound.o(.data)
    miss_cnt                                 0x200004e9   Data           1  ultrasound.o(.data)
    .data                                    0x200004ec   Section       19  usart.o(.data)
    index                                    0x200004fd   Data           1  usart.o(.data)
    sum                                      0x200004fe   Data           1  usart.o(.data)
    .data                                    0x20000500   Section       54  flysky.o(.data)
    .data                                    0x20000536   Section       20  stm32f10x_rcc.o(.data)
    APBAHBPrescTable                         0x20000536   Data          16  stm32f10x_rcc.o(.data)
    ADCPrescTable                            0x20000546   Data           4  stm32f10x_rcc.o(.data)
    .data                                    0x2000054c   Section       20  system_stm32f10x.o(.data)
    .bss                                     0x20000560   Section      460  mpu9250.o(.bss)
    Mag_Adc_fill                             0x200006a8   Data         120  mpu9250.o(.bss)
    Mag_Adc_fill_total                       0x20000720   Data          12  mpu9250.o(.bss)
    .bss                                     0x2000072c   Section      120  imu.o(.bss)
    mag_tmp                                  0x20000798   Data          12  imu.o(.bss)
    .bss                                     0x200007a4   Section       40  ultrasound.o(.bss)
    .bss                                     0x200007cc   Section       38  flysky.o(.bss)
    .bss                                     0x200007f4   Section       96  libspace.o(.bss)
    HEAP                                     0x20000858   Section      512  startup_stm32f10x_hd.o(HEAP)
    Heap_Mem                                 0x20000858   Data         512  startup_stm32f10x_hd.o(HEAP)
    STACK                                    0x20000a58   Section     1024  startup_stm32f10x_hd.o(STACK)
    Stack_Mem                                0x20000a58   Data        1024  startup_stm32f10x_hd.o(STACK)
    __initial_sp                             0x20000e58   Data           0  startup_stm32f10x_hd.o(STACK)

    Global Symbols

    Symbol Name                              Value     Ov Type        Size  Object(Section)

    BuildAttributes$$THM_ISAv4$P$D$K$B$S$PE$A:L22UL41UL21$X:L11$S22US41US21$IEEE1$IW$USESV6$~STKCKD$USESV7$~SHL$OTIME$ROPI$IEEEX$EBA8$UX$STANDARDLIB$REQ8$PRES8$EABIv2 0x00000000   Number         0  anon$$obj.o ABSOLUTE
    __ARM_use_no_argv                        0x00000000   Number         0  main.o ABSOLUTE
    __ARM_exceptions_init                     - Undefined Weak Reference
    __alloca_initialize                       - Undefined Weak Reference
    __arm_preinit_                            - Undefined Weak Reference
    __cpp_initialize__aeabi_                  - Undefined Weak Reference
    __cxa_finalize                            - Undefined Weak Reference
    __rt_locale                               - Undefined Weak Reference
    __sigvec_lookup                           - Undefined Weak Reference
    _atexit_init                              - Undefined Weak Reference
    _call_atexit_fns                          - Undefined Weak Reference
    _clock_init                               - Undefined Weak Reference
    _fp_trap_init                             - Undefined Weak Reference
    _fp_trap_shutdown                         - Undefined Weak Reference
    _get_lc_collate                           - Undefined Weak Reference
    _get_lc_ctype                             - Undefined Weak Reference
    _get_lc_monetary                          - Undefined Weak Reference
    _get_lc_numeric                           - Undefined Weak Reference
    _get_lc_time                              - Undefined Weak Reference
    _getenv_init                              - Undefined Weak Reference
    _handle_redirection                       - Undefined Weak Reference
    _init_alloc                               - Undefined Weak Reference
    _init_user_alloc                          - Undefined Weak Reference
    _initio                                   - Undefined Weak Reference
    _mutex_acquire                            - Undefined Weak Reference
    _mutex_release                            - Undefined Weak Reference
    _printf_post_padding                      - Undefined Weak Reference
    _printf_pre_padding                       - Undefined Weak Reference
    _printf_truncate_signed                   - Undefined Weak Reference
    _printf_truncate_unsigned                 - Undefined Weak Reference
    _rand_init                                - Undefined Weak Reference
    _signal_finish                            - Undefined Weak Reference
    _signal_init                              - Undefined Weak Reference
    _terminate_alloc                          - Undefined Weak Reference
    _terminate_user_alloc                     - Undefined Weak Reference
    _terminateio                              - Undefined Weak Reference
    __Vectors_Size                           0x00000130   Number         0  startup_stm32f10x_hd.o ABSOLUTE
    __Vectors                                0x08000000   Data           4  startup_stm32f10x_hd.o(RESET)
    __Vectors_End                            0x08000130   Data           0  startup_stm32f10x_hd.o(RESET)
    __main                                   0x08000131   Thumb Code     8  __main.o(!!!main)
    __scatterload                            0x08000139   Thumb Code     0  __scatter.o(!!!scatter)
    __scatterload_rt2                        0x08000139   Thumb Code    44  __scatter.o(!!!scatter)
    __scatterload_rt2_thumb_only             0x08000139   Thumb Code     0  __scatter.o(!!!scatter)
    __scatterload_null                       0x08000147   Thumb Code     0  __scatter.o(!!!scatter)
    __decompress                             0x0800016d   Thumb Code    90  __dczerorl2.o(!!dczerorl2)
    __decompress1                            0x0800016d   Thumb Code     0  __dczerorl2.o(!!dczerorl2)
    __scatterload_zeroinit                   0x080001c9   Thumb Code    28  __scatter_zi.o(!!handler_zi)
    _printf_d                                0x080001e5   Thumb Code     0  _printf_d.o(.ARM.Collect$$_printf_percent$$00000009)
    _printf_percent                          0x080001e5   Thumb Code     0  _printf_percent.o(.ARM.Collect$$_printf_percent$$00000000)
    _printf_percent_end                      0x080001eb   Thumb Code     0  _printf_percent_end.o(.ARM.Collect$$_printf_percent$$00000017)
    __rt_lib_init                            0x080001ef   Thumb Code     0  libinit.o(.ARM.Collect$$libinit$$00000000)
    __rt_lib_init_alloca_1                   0x080001f1   Thumb Code     0  libinit2.o(.ARM.Collect$$libinit$$0000002E)
    __rt_lib_init_argv_1                     0x080001f1   Thumb Code     0  libinit2.o(.ARM.Collect$$libinit$$0000002C)
    __rt_lib_init_atexit_1                   0x080001f1   Thumb Code     0  libinit2.o(.ARM.Collect$$libinit$$0000001B)
    __rt_lib_init_clock_1                    0x080001f1   Thumb Code     0  libinit2.o(.ARM.Collect$$libinit$$00000021)
    __rt_lib_init_cpp_1                      0x080001f1   Thumb Code     0  libinit2.o(.ARM.Collect$$libinit$$00000032)
    __rt_lib_init_exceptions_1               0x080001f1   Thumb Code     0  libinit2.o(.ARM.Collect$$libinit$$00000030)
    __rt_lib_init_fp_1                       0x080001f1   Thumb Code     0  libinit2.o(.ARM.Collect$$libinit$$00000002)
    __rt_lib_init_fp_trap_1                  0x080001f1   Thumb Code     0  libinit2.o(.ARM.Collect$$libinit$$0000001F)
    __rt_lib_init_getenv_1                   0x080001f1   Thumb Code     0  libinit2.o(.ARM.Collect$$libinit$$00000023)
    __rt_lib_init_heap_1                     0x080001f1   Thumb Code     0  libinit2.o(.ARM.Collect$$libinit$$0000000A)
    __rt_lib_init_lc_collate_1               0x080001f1   Thumb Code     0  libinit2.o(.ARM.Collect$$libinit$$00000011)
    __rt_lib_init_lc_ctype_1                 0x080001f1   Thumb Code     0  libinit2.o(.ARM.Collect$$libinit$$00000013)
    __rt_lib_init_lc_monetary_1              0x080001f1   Thumb Code     0  libinit2.o(.ARM.Collect$$libinit$$00000015)
    __rt_lib_init_lc_numeric_1               0x080001f1   Thumb Code     0  libinit2.o(.ARM.Collect$$libinit$$00000017)
    __rt_lib_init_lc_time_1                  0x080001f1   Thumb Code     0  libinit2.o(.ARM.Collect$$libinit$$00000019)
    __rt_lib_init_preinit_1                  0x080001f1   Thumb Code     0  libinit2.o(.ARM.Collect$$libinit$$00000004)
    __rt_lib_init_rand_1                     0x080001f1   Thumb Code     0  libinit2.o(.ARM.Collect$$libinit$$0000000E)
    __rt_lib_init_return                     0x080001f1   Thumb Code     0  libinit2.o(.ARM.Collect$$libinit$$00000033)
    __rt_lib_init_signal_1                   0x080001f1   Thumb Code     0  libinit2.o(.ARM.Collect$$libinit$$0000001D)
    __rt_lib_init_stdio_1                    0x080001f1   Thumb Code     0  libinit2.o(.ARM.Collect$$libinit$$00000025)
    __rt_lib_init_user_alloc_1               0x080001f1   Thumb Code     0  libinit2.o(.ARM.Collect$$libinit$$0000000C)
    __rt_lib_shutdown                        0x080001f3   Thumb Code     0  libshutdown.o(.ARM.Collect$$libshutdown$$00000000)
    __rt_lib_shutdown_cpp_1                  0x080001f5   Thumb Code     0  libshutdown2.o(.ARM.Collect$$libshutdown$$00000002)
    __rt_lib_shutdown_fp_trap_1              0x080001f5   Thumb Code     0  libshutdown2.o(.ARM.Collect$$libshutdown$$00000007)
    __rt_lib_shutdown_heap_1                 0x080001f5   Thumb Code     0  libshutdown2.o(.ARM.Collect$$libshutdown$$0000000F)
    __rt_lib_shutdown_return                 0x080001f5   Thumb Code     0  libshutdown2.o(.ARM.Collect$$libshutdown$$00000010)
    __rt_lib_shutdown_signal_1               0x080001f5   Thumb Code     0  libshutdown2.o(.ARM.Collect$$libshutdown$$0000000A)
    __rt_lib_shutdown_stdio_1                0x080001f5   Thumb Code     0  libshutdown2.o(.ARM.Collect$$libshutdown$$00000004)
    __rt_lib_shutdown_user_alloc_1           0x080001f5   Thumb Code     0  libshutdown2.o(.ARM.Collect$$libshutdown$$0000000C)
    __rt_entry                               0x080001f7   Thumb Code     0  __rtentry.o(.ARM.Collect$$rtentry$$00000000)
    __rt_entry_presh_1                       0x080001f7   Thumb Code     0  __rtentry2.o(.ARM.Collect$$rtentry$$00000002)
    __rt_entry_sh                            0x080001f7   Thumb Code     0  __rtentry4.o(.ARM.Collect$$rtentry$$00000004)
    __rt_entry_li                            0x080001fd   Thumb Code     0  __rtentry2.o(.ARM.Collect$$rtentry$$0000000A)
    __rt_entry_postsh_1                      0x080001fd   Thumb Code     0  __rtentry2.o(.ARM.Collect$$rtentry$$00000009)
    __rt_entry_main                          0x08000201   Thumb Code     0  __rtentry2.o(.ARM.Collect$$rtentry$$0000000D)
    __rt_entry_postli_1                      0x08000201   Thumb Code     0  __rtentry2.o(.ARM.Collect$$rtentry$$0000000C)
    __rt_exit                                0x08000209   Thumb Code     0  rtexit.o(.ARM.Collect$$rtexit$$00000000)
    __rt_exit_ls                             0x0800020b   Thumb Code     0  rtexit2.o(.ARM.Collect$$rtexit$$00000003)
    __rt_exit_prels_1                        0x0800020b   Thumb Code     0  rtexit2.o(.ARM.Collect$$rtexit$$00000002)
    __rt_exit_exit                           0x0800020f   Thumb Code     0  rtexit2.o(.ARM.Collect$$rtexit$$00000004)
    Reset_Handler                            0x08000215   Thumb Code     8  startup_stm32f10x_hd.o(.text)
    ADC1_2_IRQHandler                        0x0800022f   Thumb Code     0  startup_stm32f10x_hd.o(.text)
    ADC3_IRQHandler                          0x0800022f   Thumb Code     0  startup_stm32f10x_hd.o(.text)
    CAN1_RX1_IRQHandler                      0x0800022f   Thumb Code     0  startup_stm32f10x_hd.o(.text)
    CAN1_SCE_IRQHandler                      0x0800022f   Thumb Code     0  startup_stm32f10x_hd.o(.text)
    DMA1_Channel1_IRQHandler                 0x0800022f   Thumb Code     0  startup_stm32f10x_hd.o(.text)
    DMA1_Channel2_IRQHandler                 0x0800022f   Thumb Code     0  startup_stm32f10x_hd.o(.text)
    DMA1_Channel3_IRQHandler                 0x0800022f   Thumb Code     0  startup_stm32f10x_hd.o(.text)
    DMA1_Channel4_IRQHandler                 0x0800022f   Thumb Code     0  startup_stm32f10x_hd.o(.text)
    DMA1_Channel5_IRQHandler                 0x0800022f   Thumb Code     0  startup_stm32f10x_hd.o(.text)
    DMA1_Channel6_IRQHandler                 0x0800022f   Thumb Code     0  startup_stm32f10x_hd.o(.text)
    DMA1_Channel7_IRQHandler                 0x0800022f   Thumb Code     0  startup_stm32f10x_hd.o(.text)
    DMA2_Channel1_IRQHandler                 0x0800022f   Thumb Code     0  startup_stm32f10x_hd.o(.text)
    DMA2_Channel2_IRQHandler                 0x0800022f   Thumb Code     0  startup_stm32f10x_hd.o(.text)
    DMA2_Channel3_IRQHandler                 0x0800022f   Thumb Code     0  startup_stm32f10x_hd.o(.text)
    DMA2_Channel4_5_IRQHandler               0x0800022f   Thumb Code     0  startup_stm32f10x_hd.o(.text)
    EXTI0_IRQHandler                         0x0800022f   Thumb Code     0  startup_stm32f10x_hd.o(.text)
    EXTI15_10_IRQHandler                     0x0800022f   Thumb Code     0  startup_stm32f10x_hd.o(.text)
    EXTI1_IRQHandler                         0x0800022f   Thumb Code     0  startup_stm32f10x_hd.o(.text)
    EXTI2_IRQHandler                         0x0800022f   Thumb Code     0  startup_stm32f10x_hd.o(.text)
    EXTI3_IRQHandler                         0x0800022f   Thumb Code     0  startup_stm32f10x_hd.o(.text)
    EXTI9_5_IRQHandler                       0x0800022f   Thumb Code     0  startup_stm32f10x_hd.o(.text)
    FLASH_IRQHandler                         0x0800022f   Thumb Code     0  startup_stm32f10x_hd.o(.text)
    FSMC_IRQHandler                          0x0800022f   Thumb Code     0  startup_stm32f10x_hd.o(.text)
    I2C1_ER_IRQHandler                       0x0800022f   Thumb Code     0  startup_stm32f10x_hd.o(.text)
    I2C1_EV_IRQHandler                       0x0800022f   Thumb Code     0  startup_stm32f10x_hd.o(.text)
    I2C2_ER_IRQHandler                       0x0800022f   Thumb Code     0  startup_stm32f10x_hd.o(.text)
    I2C2_EV_IRQHandler                       0x0800022f   Thumb Code     0  startup_stm32f10x_hd.o(.text)
    PVD_IRQHandler                           0x0800022f   Thumb Code     0  startup_stm32f10x_hd.o(.text)
    RCC_IRQHandler                           0x0800022f   Thumb Code     0  startup_stm32f10x_hd.o(.text)
    RTCAlarm_IRQHandler                      0x0800022f   Thumb Code     0  startup_stm32f10x_hd.o(.text)
    RTC_IRQHandler                           0x0800022f   Thumb Code     0  startup_stm32f10x_hd.o(.text)
    SDIO_IRQHandler                          0x0800022f   Thumb Code     0  startup_stm32f10x_hd.o(.text)
    SPI1_IRQHandler                          0x0800022f   Thumb Code     0  startup_stm32f10x_hd.o(.text)
    SPI2_IRQHandler                          0x0800022f   Thumb Code     0  startup_stm32f10x_hd.o(.text)
    SPI3_IRQHandler                          0x0800022f   Thumb Code     0  startup_stm32f10x_hd.o(.text)
    TAMPER_IRQHandler                        0x0800022f   Thumb Code     0  startup_stm32f10x_hd.o(.text)
    TIM1_BRK_IRQHandler                      0x0800022f   Thumb Code     0  startup_stm32f10x_hd.o(.text)
    TIM1_CC_IRQHandler                       0x0800022f   Thumb Code     0  startup_stm32f10x_hd.o(.text)
    TIM1_TRG_COM_IRQHandler                  0x0800022f   Thumb Code     0  startup_stm32f10x_hd.o(.text)
    TIM1_UP_IRQHandler                       0x0800022f   Thumb Code     0  startup_stm32f10x_hd.o(.text)
    TIM2_IRQHandler                          0x0800022f   Thumb Code     0  startup_stm32f10x_hd.o(.text)
    TIM3_IRQHandler                          0x0800022f   Thumb Code     0  startup_stm32f10x_hd.o(.text)
    TIM4_IRQHandler                          0x0800022f   Thumb Code     0  startup_stm32f10x_hd.o(.text)
    TIM5_IRQHandler                          0x0800022f   Thumb Code     0  startup_stm32f10x_hd.o(.text)
    TIM8_BRK_IRQHandler                      0x0800022f   Thumb Code     0  startup_stm32f10x_hd.o(.text)
    TIM8_CC_IRQHandler                       0x0800022f   Thumb Code     0  startup_stm32f10x_hd.o(.text)
    TIM8_TRG_COM_IRQHandler                  0x0800022f   Thumb Code     0  startup_stm32f10x_hd.o(.text)
    TIM8_UP_IRQHandler                       0x0800022f   Thumb Code     0  startup_stm32f10x_hd.o(.text)
    UART4_IRQHandler                         0x0800022f   Thumb Code     0  startup_stm32f10x_hd.o(.text)
    UART5_IRQHandler                         0x0800022f   Thumb Code     0  startup_stm32f10x_hd.o(.text)
    USART2_IRQHandler                        0x0800022f   Thumb Code     0  startup_stm32f10x_hd.o(.text)
    USART3_IRQHandler                        0x0800022f   Thumb Code     0  startup_stm32f10x_hd.o(.text)
    USBWakeUp_IRQHandler                     0x0800022f   Thumb Code     0  startup_stm32f10x_hd.o(.text)
    USB_HP_CAN1_TX_IRQHandler                0x0800022f   Thumb Code     0  startup_stm32f10x_hd.o(.text)
    USB_LP_CAN1_RX0_IRQHandler               0x0800022f   Thumb Code     0  startup_stm32f10x_hd.o(.text)
    WWDG_IRQHandler                          0x0800022f   Thumb Code     0  startup_stm32f10x_hd.o(.text)
    __user_initial_stackheap                 0x08000231   Thumb Code     0  startup_stm32f10x_hd.o(.text)
    __use_no_semihosting                     0x08000255   Thumb Code     2  use_no_semi_2.o(.text)
    __2printf                                0x08000259   Thumb Code    20  noretval__2printf.o(.text)
    __printf                                 0x08000271   Thumb Code   104  __printf.o(.text)
    _printf_int_dec                          0x080002d9   Thumb Code   104  _printf_dec.o(.text)
    __aeabi_memclr4                          0x08000351   Thumb Code     0  rt_memclr_w.o(.text)
    __aeabi_memclr8                          0x08000351   Thumb Code     0  rt_memclr_w.o(.text)
    __rt_memclr_w                            0x08000351   Thumb Code    78  rt_memclr_w.o(.text)
    _memset_w                                0x08000355   Thumb Code     0  rt_memclr_w.o(.text)
    __use_two_region_memory                  0x0800039f   Thumb Code     2  heapauxi.o(.text)
    __rt_heap_escrow$2region                 0x080003a1   Thumb Code     2  heapauxi.o(.text)
    __rt_heap_expand$2region                 0x080003a3   Thumb Code     2  heapauxi.o(.text)
    __I$use$semihosting                      0x080003a5   Thumb Code     0  use_no_semi.o(.text)
    __use_no_semihosting_swi                 0x080003a5   Thumb Code     2  use_no_semi.o(.text)
    __read_errno                             0x080003a7   Thumb Code    10  _rserrno.o(.text)
    __set_errno                              0x080003b1   Thumb Code    12  _rserrno.o(.text)
    _printf_int_common                       0x080003bd   Thumb Code   178  _printf_intcommon.o(.text)
    _printf_char_file                        0x08000471   Thumb Code    32  _printf_char_file.o(.text)
    __aeabi_errno_addr                       0x08000495   Thumb Code     8  rt_errno_addr_intlibspace.o(.text)
    __errno$intlibspace                      0x08000495   Thumb Code     0  rt_errno_addr_intlibspace.o(.text)
    __rt_errno_addr$intlibspace              0x08000495   Thumb Code     0  rt_errno_addr_intlibspace.o(.text)
    _printf_char_common                      0x080004a7   Thumb Code    32  _printf_char_common.o(.text)
    ferror                                   0x080004cd   Thumb Code     8  ferror.o(.text)
    __user_libspace                          0x080004d5   Thumb Code     8  libspace.o(.text)
    __user_perproc_libspace                  0x080004d5   Thumb Code     0  libspace.o(.text)
    __user_perthread_libspace                0x080004d5   Thumb Code     0  libspace.o(.text)
    __user_setup_stackheap                   0x080004dd   Thumb Code    74  sys_stackheap_outer.o(.text)
    exit                                     0x08000527   Thumb Code    18  exit.o(.text)
    AK8975_Set_CalOffset                     0x08000539   Thumb Code   484  mpu9250.o(i.AK8975_Set_CalOffset)
    AREG_read                                0x08000731   Thumb Code    38  flysky.o(i.AREG_read)
    AREG_write                               0x08000761   Thumb Code    40  flysky.o(i.AREG_write)
    BusFault_Handler                         0x08000791   Thumb Code     4  stm32f10x_it.o(i.BusFault_Handler)
    CH_OUT                                   0x08000795   Thumb Code    58  flysky.o(i.CH_OUT)
    Call_AK8975                              0x080007e1   Thumb Code   334  mpu9250.o(i.Call_AK8975)
    Call_IMUupdate                           0x08000945   Thumb Code  3364  imu.o(i.Call_IMUupdate)
    Call_MPU6050_Data_Prepare                0x08001675   Thumb Code   764  mpu9250.o(i.Call_MPU6050_Data_Prepare)
    DebugMon_Handler                         0x08001999   Thumb Code     2  stm32f10x_it.o(i.DebugMon_Handler)
    EXTI4_IRQHandler                         0x0800199d   Thumb Code   378  ultrasound.o(i.EXTI4_IRQHandler)
    EXTI_ClearITPendingBit                   0x08001b61   Thumb Code     6  stm32f10x_exti.o(i.EXTI_ClearITPendingBit)
    EXTI_Init                                0x08001b6d   Thumb Code   142  stm32f10x_exti.o(i.EXTI_Init)
    GPIO_Init                                0x08001c01   Thumb Code   278  stm32f10x_gpio.o(i.GPIO_Init)
    GPIO_PinRemapConfig                      0x08001d19   Thumb Code   138  stm32f10x_gpio.o(i.GPIO_PinRemapConfig)
    GPIO_ResetBits                           0x08001da9   Thumb Code     4  stm32f10x_gpio.o(i.GPIO_ResetBits)
    GPIO_SetBits                             0x08001dad   Thumb Code     4  stm32f10x_gpio.o(i.GPIO_SetBits)
    HardFault_Handler                        0x08001db1   Thumb Code     4  stm32f10x_it.o(i.HardFault_Handler)
    IIC_Ack                                  0x08001db5   Thumb Code    66  mpuiic.o(i.IIC_Ack)
    IIC_Init                                 0x08001e05   Thumb Code    50  mpuiic.o(i.IIC_Init)
    IIC_NAck                                 0x08001e3d   Thumb Code    66  mpuiic.o(i.IIC_NAck)
    IIC_Read_Byte                            0x08001e8d   Thumb Code    98  mpuiic.o(i.IIC_Read_Byte)
    IIC_Send_Byte                            0x08001efd   Thumb Code    90  mpuiic.o(i.IIC_Send_Byte)
    IIC_Start                                0x08001f65   Thumb Code    64  mpuiic.o(i.IIC_Start)
    IIC_Stop                                 0x08001fb1   Thumb Code    62  mpuiic.o(i.IIC_Stop)
    IIC_Wait_Ack                             0x08001ffd   Thumb Code    86  mpuiic.o(i.IIC_Wait_Ack)
    MPU6050_Data_Offset                      0x08002061   Thumb Code   386  mpu9250.o(i.MPU6050_Data_Offset)
    MPU9250_Init                             0x080021f9   Thumb Code   192  mpu9250.o(i.MPU9250_Init)
    MPU_Get_Accelerometer                    0x080022d5   Thumb Code    80  mpu9250.o(i.MPU_Get_Accelerometer)
    MPU_Get_Gyroscope                        0x08002325   Thumb Code    80  mpu9250.o(i.MPU_Get_Gyroscope)
    MPU_Get_Magnetometer                     0x08002375   Thumb Code    90  mpu9250.o(i.MPU_Get_Magnetometer)
    MPU_Read_Byte                            0x080023cf   Thumb Code    72  mpu9250.o(i.MPU_Read_Byte)
    MPU_Read_Len                             0x08002417   Thumb Code   116  mpu9250.o(i.MPU_Read_Len)
    MPU_Set_Accel_Fsr                        0x0800248b   Thumb Code    18  mpu9250.o(i.MPU_Set_Accel_Fsr)
    MPU_Set_Gyro_Fsr                         0x0800249d   Thumb Code    18  mpu9250.o(i.MPU_Set_Gyro_Fsr)
    MPU_Set_LPF                              0x080024af   Thumb Code    60  mpu9250.o(i.MPU_Set_LPF)
    MPU_Set_Rate                             0x080024eb   Thumb Code    52  mpu9250.o(i.MPU_Set_Rate)
    MPU_Write_Byte                           0x0800251f   Thumb Code    76  mpu9250.o(i.MPU_Write_Byte)
    MemManage_Handler                        0x0800256b   Thumb Code     4  stm32f10x_it.o(i.MemManage_Handler)
    NMI_Handler                              0x0800256f   Thumb Code     2  stm32f10x_it.o(i.NMI_Handler)
    NVIC_Init                                0x08002571   Thumb Code   100  misc.o(i.NVIC_Init)
    NVIC_PriorityGroupConfig                 0x080025e1   Thumb Code    10  misc.o(i.NVIC_PriorityGroupConfig)
    PendSV_Handler                           0x080025f5   Thumb Code     2  stm32f10x_it.o(i.PendSV_Handler)
    RCC_APB1PeriphClockCmd                   0x080025f9   Thumb Code    26  stm32f10x_rcc.o(i.RCC_APB1PeriphClockCmd)
    RCC_APB2PeriphClockCmd                   0x08002619   Thumb Code    26  stm32f10x_rcc.o(i.RCC_APB2PeriphClockCmd)
    RCC_GetClocksFreq                        0x08002639   Thumb Code   192  stm32f10x_rcc.o(i.RCC_GetClocksFreq)
    Read_Packet                              0x0800270d   Thumb Code    42  flysky.o(i.Read_Packet)
    SPIread                                  0x08002741   Thumb Code    88  flysky.o(i.SPIread)
    SPIwrite                                 0x080027a5   Thumb Code   108  flysky.o(i.SPIwrite)
    SVC_Handler                              0x0800281d   Thumb Code     2  stm32f10x_it.o(i.SVC_Handler)
    Strobe                                   0x08002909   Thumb Code    26  flysky.o(i.Strobe)
    SysTick_CLKSourceConfig                  0x0800292d   Thumb Code    40  misc.o(i.SysTick_CLKSourceConfig)
    SysTick_Handler                          0x08002955   Thumb Code     2  stm32f10x_it.o(i.SysTick_Handler)
    SystemInit                               0x08002959   Thumb Code    78  system_stm32f10x.o(i.SystemInit)
    TIM6_IRQHandler                          0x080029b9   Thumb Code    38  flysky.o(i.TIM6_IRQHandler)
    TIM7_IRQHandler                          0x080029ed   Thumb Code   128  timer.o(i.TIM7_IRQHandler)
    TIM_ARRPreloadConfig                     0x08002a81   Thumb Code    24  stm32f10x_tim.o(i.TIM_ARRPreloadConfig)
    TIM_ClearFlag                            0x08002a99   Thumb Code     6  stm32f10x_tim.o(i.TIM_ClearFlag)
    TIM_ClearITPendingBit                    0x08002a9f   Thumb Code     6  stm32f10x_tim.o(i.TIM_ClearITPendingBit)
    TIM_Cmd                                  0x08002aa5   Thumb Code    24  stm32f10x_tim.o(i.TIM_Cmd)
    TIM_CtrlPWMOutputs                       0x08002abd   Thumb Code    30  stm32f10x_tim.o(i.TIM_CtrlPWMOutputs)
    TIM_EncoderInterfaceConfig               0x08002adb   Thumb Code    66  stm32f10x_tim.o(i.TIM_EncoderInterfaceConfig)
    TIM_GetITStatus                          0x08002b1d   Thumb Code    34  stm32f10x_tim.o(i.TIM_GetITStatus)
    TIM_ITConfig                             0x08002b3f   Thumb Code    18  stm32f10x_tim.o(i.TIM_ITConfig)
    TIM_OC1Init                              0x08002b51   Thumb Code   132  stm32f10x_tim.o(i.TIM_OC1Init)
    TIM_OC1PreloadConfig                     0x08002be9   Thumb Code    18  stm32f10x_tim.o(i.TIM_OC1PreloadConfig)
    TIM_OC2Init                              0x08002bfd   Thumb Code   154  stm32f10x_tim.o(i.TIM_OC2Init)
    TIM_OC2PreloadConfig                     0x08002ca1   Thumb Code    26  stm32f10x_tim.o(i.TIM_OC2PreloadConfig)
    TIM_OC3Init                              0x08002cbd   Thumb Code   150  stm32f10x_tim.o(i.TIM_OC3Init)
    TIM_OC3PreloadConfig                     0x08002d5d   Thumb Code    18  stm32f10x_tim.o(i.TIM_OC3PreloadConfig)
    TIM_SetCompare1                          0x08002d6f   Thumb Code     4  stm32f10x_tim.o(i.TIM_SetCompare1)
    TIM_SetCompare2                          0x08002d73   Thumb Code     4  stm32f10x_tim.o(i.TIM_SetCompare2)
    TIM_SetCompare3                          0x08002d77   Thumb Code     4  stm32f10x_tim.o(i.TIM_SetCompare3)
    TIM_TimeBaseInit                         0x08002d7d   Thumb Code   122  stm32f10x_tim.o(i.TIM_TimeBaseInit)
    To_180_degrees                           0x08002e21   Thumb Code    48  imu.o(i.To_180_degrees)
    USART1_IRQHandler                        0x08002e5d   Thumb Code   238  usart.o(i.USART1_IRQHandler)
    USART_ClearITPendingBit                  0x08002f61   Thumb Code    30  stm32f10x_usart.o(i.USART_ClearITPendingBit)
    USART_Cmd                                0x08002f7f   Thumb Code    24  stm32f10x_usart.o(i.USART_Cmd)
    USART_GetFlagStatus                      0x08002f97   Thumb Code    26  stm32f10x_usart.o(i.USART_GetFlagStatus)
    USART_GetITStatus                        0x08002fb1   Thumb Code    84  stm32f10x_usart.o(i.USART_GetITStatus)
    USART_ITConfig                           0x08003005   Thumb Code    74  stm32f10x_usart.o(i.USART_ITConfig)
    USART_Init                               0x08003051   Thumb Code   210  stm32f10x_usart.o(i.USART_Init)
    USART_ReceiveData                        0x08003129   Thumb Code    10  stm32f10x_usart.o(i.USART_ReceiveData)
    UsageFault_Handler                       0x08003133   Thumb Code     4  stm32f10x_it.o(i.UsageFault_Handler)
    __ARM_fpclassify                         0x08003137   Thumb Code    40  fpclassify.o(i.__ARM_fpclassify)
    __kernel_poly                            0x0800315f   Thumb Code   170  poly.o(i.__kernel_poly)
    __mathlib_dbl_infnan                     0x08003209   Thumb Code     6  dunder.o(i.__mathlib_dbl_infnan)
    __mathlib_dbl_invalid                    0x0800320f   Thumb Code    12  dunder.o(i.__mathlib_dbl_invalid)
    __mathlib_dbl_underflow                  0x0800321d   Thumb Code    10  dunder.o(i.__mathlib_dbl_underflow)
    _sys_exit                                0x0800322d   Thumb Code     6  usart.o(i._sys_exit)
    asin                                     0x08003235   Thumb Code   572  asin.o(i.asin)
    ctrl_init                                0x080034a5   Thumb Code     8  ctrl.o(i.ctrl_init)
    delay_init                               0x080034b1   Thumb Code    50  delay.o(i.delay_init)
    delay_ms                                 0x080034f5   Thumb Code    72  delay.o(i.delay_ms)
    delay_us                                 0x08003541   Thumb Code    72  delay.o(i.delay_us)
    enable_motor                             0x0800358d   Thumb Code    52  ctrl.o(i.enable_motor)
    fast_atan2                               0x080035cd   Thumb Code   344  imu.o(i.fast_atan2)
    flysky_cb                                0x08003739   Thumb Code   362  flysky.o(i.flysky_cb)
    flysky_loop                              0x080038e5   Thumb Code    12  flysky.o(i.flysky_loop)
    fputc                                    0x080038f1   Thumb Code    24  usart.o(i.fputc)
    led0_flash                               0x0800390d   Thumb Code    46  led.o(i.led0_flash)
    led_init                                 0x08003945   Thumb Code    72  led.o(i.led_init)
    mag_3d_trans                             0x08003995   Thumb Code   296  imu.o(i.mag_3d_trans)
    main                                     0x08003ac9   Thumb Code   108  main.o(i.main)
    my_abs                                   0x08003b55   Thumb Code    24  imu.o(i.my_abs)
    pwm_init                                 0x08003b6d   Thumb Code   268  pwm.o(i.pwm_init)
    set_pwm                                  0x08003c91   Thumb Code   334  pwm.o(i.set_pwm)
    set_toward                               0x08003df5   Thumb Code    82  ctrl.o(i.set_toward)
    set_ultra_edge                           0x08003e55   Thumb Code    38  ultrasound.o(i.set_ultra_edge)
    speed_interface_init                     0x08003e81   Thumb Code   424  speed.o(i.speed_interface_init)
    speed_measure                            0x08004041   Thumb Code    52  speed.o(i.speed_measure)
    speed_value                              0x08004089   Thumb Code    66  ctrl.o(i.speed_value)
    sqrt                                     0x080040d9   Thumb Code    76  sqrt.o(i.sqrt)
    system_ctrl                              0x08004125   Thumb Code   596  ctrl.o(i.system_ctrl)
    timer_init                               0x080043b5   Thumb Code    88  timer.o(i.timer_init)
    turn_value                               0x08004411   Thumb Code   106  ctrl.o(i.turn_value)
    usart_frame_deal                         0x0800448d   Thumb Code    74  usart.o(i.usart_frame_deal)
    usart_init                               0x080044e5   Thumb Code   152  usart.o(i.usart_init)
    __aeabi_d2f                              0x08004585   Thumb Code     0  d2f.o(x$fpl$d2f)
    _d2f                                     0x08004585   Thumb Code    98  d2f.o(x$fpl$d2f)
    __aeabi_dadd                             0x080045e9   Thumb Code     0  daddsub_clz.o(x$fpl$dadd)
    _dadd                                    0x080045e9   Thumb Code   332  daddsub_clz.o(x$fpl$dadd)
    __fpl_dcheck_NaN1                        0x08004739   Thumb Code    10  dcheck1.o(x$fpl$dcheck1)
    __fpl_dcmp_Inf                           0x08004749   Thumb Code    24  dcmpi.o(x$fpl$dcmpinf)
    __aeabi_ddiv                             0x08004761   Thumb Code     0  ddiv.o(x$fpl$ddiv)
    _ddiv                                    0x08004761   Thumb Code   552  ddiv.o(x$fpl$ddiv)
    __aeabi_cdcmple                          0x08004a11   Thumb Code     0  dleqf.o(x$fpl$dleqf)
    _dcmple                                  0x08004a11   Thumb Code   120  dleqf.o(x$fpl$dleqf)
    __fpl_dcmple_InfNaN                      0x08004a73   Thumb Code     0  dleqf.o(x$fpl$dleqf)
    __aeabi_dmul                             0x08004a89   Thumb Code     0  dmul.o(x$fpl$dmul)
    _dmul                                    0x08004a89   Thumb Code   332  dmul.o(x$fpl$dmul)
    __fpl_dnaninf                            0x08004bdd   Thumb Code   156  dnaninf.o(x$fpl$dnaninf)
    __fpl_dretinf                            0x08004c79   Thumb Code    12  dretinf.o(x$fpl$dretinf)
    __aeabi_cdrcmple                         0x08004c85   Thumb Code     0  drleqf.o(x$fpl$drleqf)
    _drcmple                                 0x08004c85   Thumb Code   108  drleqf.o(x$fpl$drleqf)
    __aeabi_drsub                            0x08004cf1   Thumb Code     0  daddsub_clz.o(x$fpl$drsb)
    _drsb                                    0x08004cf1   Thumb Code    22  daddsub_clz.o(x$fpl$drsb)
    _dsqrt                                   0x08004d09   Thumb Code   456  dsqrt_noumaal.o(x$fpl$dsqrt)
    __aeabi_dsub                             0x08004ed5   Thumb Code     0  daddsub_clz.o(x$fpl$dsub)
    _dsub                                    0x08004ed5   Thumb Code   464  daddsub_clz.o(x$fpl$dsub)
    __aeabi_f2d                              0x080050a9   Thumb Code     0  f2d.o(x$fpl$f2d)
    _f2d                                     0x080050a9   Thumb Code    86  f2d.o(x$fpl$f2d)
    __aeabi_fadd                             0x08005101   Thumb Code     0  faddsub_clz.o(x$fpl$fadd)
    _fadd                                    0x08005101   Thumb Code   196  faddsub_clz.o(x$fpl$fadd)
    __fpl_fcmp_Inf                           0x080051c5   Thumb Code    24  fcmpi.o(x$fpl$fcmpinf)
    __aeabi_fdiv                             0x080051dd   Thumb Code     0  fdiv.o(x$fpl$fdiv)
    _fdiv                                    0x080051dd   Thumb Code   384  fdiv.o(x$fpl$fdiv)
    __aeabi_cfcmpeq                          0x08005361   Thumb Code     0  feqf.o(x$fpl$feqf)
    _fcmpeq                                  0x08005361   Thumb Code   104  feqf.o(x$fpl$feqf)
    __aeabi_f2iz                             0x080053c9   Thumb Code     0  ffix.o(x$fpl$ffix)
    _ffix                                    0x080053c9   Thumb Code    54  ffix.o(x$fpl$ffix)
    __aeabi_f2uiz                            0x08005401   Thumb Code     0  ffixu.o(x$fpl$ffixu)
    _ffixu                                   0x08005401   Thumb Code    62  ffixu.o(x$fpl$ffixu)
    __aeabi_i2f                              0x08005441   Thumb Code     0  fflt_clz.o(x$fpl$fflt)
    _fflt                                    0x08005441   Thumb Code    48  fflt_clz.o(x$fpl$fflt)
    __aeabi_ui2f                             0x08005471   Thumb Code     0  fflt_clz.o(x$fpl$ffltu)
    _ffltu                                   0x08005471   Thumb Code    38  fflt_clz.o(x$fpl$ffltu)
    __aeabi_cfcmple                          0x08005499   Thumb Code     0  fleqf.o(x$fpl$fleqf)
    _fcmple                                  0x08005499   Thumb Code   104  fleqf.o(x$fpl$fleqf)
    __fpl_fcmple_InfNaN                      0x080054eb   Thumb Code     0  fleqf.o(x$fpl$fleqf)
    __aeabi_fmul                             0x08005501   Thumb Code     0  fmul.o(x$fpl$fmul)
    _fmul                                    0x08005501   Thumb Code   258  fmul.o(x$fpl$fmul)
    __fpl_fnaninf                            0x08005603   Thumb Code   140  fnaninf.o(x$fpl$fnaninf)
    __fpl_fretinf                            0x0800568f   Thumb Code    10  fretinf.o(x$fpl$fretinf)
    __aeabi_cfrcmple                         0x08005699   Thumb Code     0  frleqf.o(x$fpl$frleqf)
    _frcmple                                 0x08005699   Thumb Code    98  frleqf.o(x$fpl$frleqf)
    __aeabi_frsub                            0x080056fb   Thumb Code     0  faddsub_clz.o(x$fpl$frsb)
    _frsb                                    0x080056fb   Thumb Code    20  faddsub_clz.o(x$fpl$frsb)
    __aeabi_fsub                             0x08005711   Thumb Code     0  faddsub_clz.o(x$fpl$fsub)
    _fsub                                    0x08005711   Thumb Code   234  faddsub_clz.o(x$fpl$fsub)
    __fpl_return_NaN                         0x080057fb   Thumb Code   100  retnan.o(x$fpl$retnan)
    __ARM_scalbn                             0x0800585f   Thumb Code    92  scalbn.o(x$fpl$scalbn)
    __fpl_cmpreturn                          0x080058bb   Thumb Code    48  trapv.o(x$fpl$trapveneer)
    A7105_regs                               0x080058ea   Data          51  flysky.o(.constdata)
    __I$use$fp                               0x080058ea   Number         0  usenofp.o(x$fpl$usenofp)
    tx_channels                              0x0800591d   Data         256  flysky.o(.constdata)
    Region$$Table$$Base                      0x08005a70   Number         0  anon$$obj.o(Region$$Table)
    Region$$Table$$Limit                     0x08005a90   Number         0  anon$$obj.o(Region$$Table)
    ctrl                                     0x20000000   Data           1  ctrl.o(.data)
    motor1                                   0x20000006   Data           8  pwm.o(.data)
    motor2                                   0x2000000e   Data           8  pwm.o(.data)
    motor3                                   0x20000016   Data           8  pwm.o(.data)
    sys_runtime                              0x20000020   Data           4  timer.o(.data)
    remote_times                             0x20000024   Data           1  timer.o(.data)
    ak8975                                   0x20000028   Data          32  mpu9250.o(.data)
    hard_error_ak8975                        0x20000048   Data           1  mpu9250.o(.data)
    Mag_CALIBRATED                           0x20000049   Data           1  mpu9250.o(.data)
    acc_sum_cnt                              0x2000004a   Data           2  mpu9250.o(.data)
    gyro_sum_cnt                             0x2000004c   Data           2  mpu9250.o(.data)
    filter_cnt                               0x2000004e   Data           1  mpu9250.o(.data)
    filter_cnt_old                           0x2000004f   Data           1  mpu9250.o(.data)
    IMU_Roll                                 0x2000006c   Data           4  imu.o(.data)
    IMU_Pitch                                0x20000070   Data           4  imu.o(.data)
    IMU_Yaw                                  0x20000074   Data           4  imu.o(.data)
    ref_q                                    0x20000078   Data          16  imu.o(.data)
    norm_acc                                 0x20000088   Data           4  imu.o(.data)
    norm_q                                   0x2000008c   Data           4  imu.o(.data)
    norm_acc_lpf                             0x20000090   Data           4  imu.o(.data)
    mag_norm                                 0x20000094   Data           4  imu.o(.data)
    mag_norm_xyz                             0x20000098   Data           4  imu.o(.data)
    fast_atan_table                          0x2000009c   Data        1028  imu.o(.data)
    Ultra_EXTI_InitStructure                 0x200004b4   Data           8  ultrasound.o(.data)
    Ultra_NVIC_InitStructure                 0x200004bc   Data           4  ultrasound.o(.data)
    ultra_angle                              0x200004c0   Data           4  ultrasound.o(.data)
    straight_angle                           0x200004c4   Data           4  ultrasound.o(.data)
    ultra_miss                               0x200004c8   Data           1  ultrasound.o(.data)
    ultra_index                              0x200004c9   Data           1  ultrasound.o(.data)
    ultra_temp                               0x200004cc   Data           4  ultrasound.o(.data)
    ultra_cycle                              0x200004d0   Data           4  ultrasound.o(.data)
    ultra_cnt                                0x200004d4   Data           4  ultrasound.o(.data)
    ultra_distance                           0x200004d8   Data           4  ultrasound.o(.data)
    ultra_sys_runtime                        0x200004dc   Data           4  ultrasound.o(.data)
    __stdout                                 0x200004ec   Data           4  usart.o(.data)
    rx_buff                                  0x200004f0   Data           7  usart.o(.data)
    rx_ch                                    0x200004f8   Data           4  usart.o(.data)
    rx_deal                                  0x200004fc   Data           1  usart.o(.data)
    TR0                                      0x20000500   Data           1  flysky.o(.data)
    id                                       0x20000504   Data           4  flysky.o(.data)
    chanrow                                  0x20000508   Data           1  flysky.o(.data)
    chancol                                  0x20000509   Data           1  flysky.o(.data)
    chanoffset                               0x2000050a   Data           1  flysky.o(.data)
    channel                                  0x2000050b   Data           1  flysky.o(.data)
    txid                                     0x2000050c   Data          21  flysky.o(.data)
    Htemp                                    0x20000521   Data           8  flysky.o(.data)
    Ltemp                                    0x20000529   Data           8  flysky.o(.data)
    ch                                       0x20000531   Data           1  flysky.o(.data)
    mss                                      0x20000532   Data           2  flysky.o(.data)
    hch                                      0x20000534   Data           1  flysky.o(.data)
    cb                                       0x20000535   Data           1  flysky.o(.data)
    SystemCoreClock                          0x2000054c   Data           4  system_stm32f10x.o(.data)
    AHBPrescTable                            0x20000550   Data          16  system_stm32f10x.o(.data)
    mpu6050                                  0x20000560   Data         116  mpu9250.o(.bss)
    sum_temp                                 0x200005d4   Data          28  mpu9250.o(.bss)
    FILT_BUF                                 0x200005f0   Data         154  mpu9250.o(.bss)
    mpu6050_tmp                              0x2000068c   Data          28  mpu9250.o(.bss)
    reference_v                              0x2000072c   Data          12  imu.o(.bss)
    north                                    0x20000738   Data          12  imu.o(.bss)
    west                                     0x20000744   Data          12  imu.o(.bss)
    ref                                      0x20000750   Data          60  imu.o(.bss)
    mag_sim_3d                               0x2000078c   Data          12  imu.o(.bss)
    ultra_buff                               0x200007a4   Data          40  ultrasound.o(.bss)
    packet                                   0x200007cc   Data          21  flysky.o(.bss)
    CH                                       0x200007e2   Data          16  flysky.o(.bss)
    __libspace_start                         0x200007f4   Data          96  libspace.o(.bss)
    __temporary_stack_top$libspace           0x20000854   Data           0  libspace.o(.bss)



==============================================================================

Memory Map of the image

  Image Entry point : 0x08000131

  Load Region LR_IROM1 (Base: 0x08000000, Size: 0x00005ff0, Max: 0x00040000, ABSOLUTE, COMPRESSED[0x00005ee4])

    Execution Region ER_IROM1 (Base: 0x08000000, Size: 0x00005a90, Max: 0x00040000, ABSOLUTE)

    Base Addr    Size         Type   Attr      Idx    E Section Name        Object

    0x08000000   0x00000130   Data   RO         2571    RESET               startup_stm32f10x_hd.o
    0x08000130   0x00000008   Code   RO         2614  * !!!main             c_w.l(__main.o)
    0x08000138   0x00000034   Code   RO         2908    !!!scatter          c_w.l(__scatter.o)
    0x0800016c   0x0000005a   Code   RO         2906    !!dczerorl2         c_w.l(__dczerorl2.o)
    0x080001c6   0x00000002   PAD
    0x080001c8   0x0000001c   Code   RO         2910    !!handler_zi        c_w.l(__scatter_zi.o)
    0x080001e4   0x00000000   Code   RO         2609    .ARM.Collect$$_printf_percent$$00000000  c_w.l(_printf_percent.o)
    0x080001e4   0x00000006   Code   RO         2608    .ARM.Collect$$_printf_percent$$00000009  c_w.l(_printf_d.o)
    0x080001ea   0x00000004   Code   RO         2699    .ARM.Collect$$_printf_percent$$00000017  c_w.l(_printf_percent_end.o)
    0x080001ee   0x00000002   Code   RO         2779    .ARM.Collect$$libinit$$00000000  c_w.l(libinit.o)
    0x080001f0   0x00000000   Code   RO         2785    .ARM.Collect$$libinit$$00000002  c_w.l(libinit2.o)
    0x080001f0   0x00000000   Code   RO         2787    .ARM.Collect$$libinit$$00000004  c_w.l(libinit2.o)
    0x080001f0   0x00000000   Code   RO         2790    .ARM.Collect$$libinit$$0000000A  c_w.l(libinit2.o)
    0x080001f0   0x00000000   Code   RO         2792    .ARM.Collect$$libinit$$0000000C  c_w.l(libinit2.o)
    0x080001f0   0x00000000   Code   RO         2794    .ARM.Collect$$libinit$$0000000E  c_w.l(libinit2.o)
    0x080001f0   0x00000000   Code   RO         2797    .ARM.Collect$$libinit$$00000011  c_w.l(libinit2.o)
    0x080001f0   0x00000000   Code   RO         2799    .ARM.Collect$$libinit$$00000013  c_w.l(libinit2.o)
    0x080001f0   0x00000000   Code   RO         2801    .ARM.Collect$$libinit$$00000015  c_w.l(libinit2.o)
    0x080001f0   0x00000000   Code   RO         2803    .ARM.Collect$$libinit$$00000017  c_w.l(libinit2.o)
    0x080001f0   0x00000000   Code   RO         2805    .ARM.Collect$$libinit$$00000019  c_w.l(libinit2.o)
    0x080001f0   0x00000000   Code   RO         2807    .ARM.Collect$$libinit$$0000001B  c_w.l(libinit2.o)
    0x080001f0   0x00000000   Code   RO         2809    .ARM.Collect$$libinit$$0000001D  c_w.l(libinit2.o)
    0x080001f0   0x00000000   Code   RO         2811    .ARM.Collect$$libinit$$0000001F  c_w.l(libinit2.o)
    0x080001f0   0x00000000   Code   RO         2813    .ARM.Collect$$libinit$$00000021  c_w.l(libinit2.o)
    0x080001f0   0x00000000   Code   RO         2815    .ARM.Collect$$libinit$$00000023  c_w.l(libinit2.o)
    0x080001f0   0x00000000   Code   RO         2817    .ARM.Collect$$libinit$$00000025  c_w.l(libinit2.o)
    0x080001f0   0x00000000   Code   RO         2821    .ARM.Collect$$libinit$$0000002C  c_w.l(libinit2.o)
    0x080001f0   0x00000000   Code   RO         2823    .ARM.Collect$$libinit$$0000002E  c_w.l(libinit2.o)
    0x080001f0   0x00000000   Code   RO         2825    .ARM.Collect$$libinit$$00000030  c_w.l(libinit2.o)
    0x080001f0   0x00000000   Code   RO         2827    .ARM.Collect$$libinit$$00000032  c_w.l(libinit2.o)
    0x080001f0   0x00000002   Code   RO         2828    .ARM.Collect$$libinit$$00000033  c_w.l(libinit2.o)
    0x080001f2   0x00000002   Code   RO         2848    .ARM.Collect$$libshutdown$$00000000  c_w.l(libshutdown.o)
    0x080001f4   0x00000000   Code   RO         2858    .ARM.Collect$$libshutdown$$00000002  c_w.l(libshutdown2.o)
    0x080001f4   0x00000000   Code   RO         2860    .ARM.Collect$$libshutdown$$00000004  c_w.l(libshutdown2.o)
    0x080001f4   0x00000000   Code   RO         2863    .ARM.Collect$$libshutdown$$00000007  c_w.l(libshutdown2.o)
    0x080001f4   0x00000000   Code   RO         2866    .ARM.Collect$$libshutdown$$0000000A  c_w.l(libshutdown2.o)
    0x080001f4   0x00000000   Code   RO         2868    .ARM.Collect$$libshutdown$$0000000C  c_w.l(libshutdown2.o)
    0x080001f4   0x00000000   Code   RO         2871    .ARM.Collect$$libshutdown$$0000000F  c_w.l(libshutdown2.o)
    0x080001f4   0x00000002   Code   RO         2872    .ARM.Collect$$libshutdown$$00000010  c_w.l(libshutdown2.o)
    0x080001f6   0x00000000   Code   RO         2692    .ARM.Collect$$rtentry$$00000000  c_w.l(__rtentry.o)
    0x080001f6   0x00000000   Code   RO         2736    .ARM.Collect$$rtentry$$00000002  c_w.l(__rtentry2.o)
    0x080001f6   0x00000006   Code   RO         2748    .ARM.Collect$$rtentry$$00000004  c_w.l(__rtentry4.o)
    0x080001fc   0x00000000   Code   RO         2738    .ARM.Collect$$rtentry$$00000009  c_w.l(__rtentry2.o)
    0x080001fc   0x00000004   Code   RO         2739    .ARM.Collect$$rtentry$$0000000A  c_w.l(__rtentry2.o)
    0x08000200   0x00000000   Code   RO         2741    .ARM.Collect$$rtentry$$0000000C  c_w.l(__rtentry2.o)
    0x08000200   0x00000008   Code   RO         2742    .ARM.Collect$$rtentry$$0000000D  c_w.l(__rtentry2.o)
    0x08000208   0x00000002   Code   RO         2782    .ARM.Collect$$rtexit$$00000000  c_w.l(rtexit.o)
    0x0800020a   0x00000000   Code   RO         2832    .ARM.Collect$$rtexit$$00000002  c_w.l(rtexit2.o)
    0x0800020a   0x00000004   Code   RO         2833    .ARM.Collect$$rtexit$$00000003  c_w.l(rtexit2.o)
    0x0800020e   0x00000006   Code   RO         2834    .ARM.Collect$$rtexit$$00000004  c_w.l(rtexit2.o)
    0x08000214   0x00000040   Code   RO         2572    .text               startup_stm32f10x_hd.o
    0x08000254   0x00000002   Code   RO         2578    .text               c_w.l(use_no_semi_2.o)
    0x08000256   0x00000002   PAD
    0x08000258   0x00000018   Code   RO         2582    .text               c_w.l(noretval__2printf.o)
    0x08000270   0x00000068   Code   RO         2584    .text               c_w.l(__printf.o)
    0x080002d8   0x00000078   Code   RO         2586    .text               c_w.l(_printf_dec.o)
    0x08000350   0x0000004e   Code   RO         2610    .text               c_w.l(rt_memclr_w.o)
    0x0800039e   0x00000006   Code   RO         2612    .text               c_w.l(heapauxi.o)
    0x080003a4   0x00000002   Code   RO         2690    .text               c_w.l(use_no_semi.o)
    0x080003a6   0x00000016   Code   RO         2693    .text               c_w.l(_rserrno.o)
    0x080003bc   0x000000b2   Code   RO         2695    .text               c_w.l(_printf_intcommon.o)
    0x0800046e   0x00000002   PAD
    0x08000470   0x00000024   Code   RO         2697    .text               c_w.l(_printf_char_file.o)
    0x08000494   0x00000008   Code   RO         2753    .text               c_w.l(rt_errno_addr_intlibspace.o)
    0x0800049c   0x00000030   Code   RO         2755    .text               c_w.l(_printf_char_common.o)
    0x080004cc   0x00000008   Code   RO         2757    .text               c_w.l(ferror.o)
    0x080004d4   0x00000008   Code   RO         2765    .text               c_w.l(libspace.o)
    0x080004dc   0x0000004a   Code   RO         2768    .text               c_w.l(sys_stackheap_outer.o)
    0x08000526   0x00000012   Code   RO         2772    .text               c_w.l(exit.o)
    0x08000538   0x000001f8   Code   RO          375    i.AK8975_Set_CalOffset  mpu9250.o
    0x08000730   0x00000030   Code   RO          693    i.AREG_read         flysky.o
    0x08000760   0x00000030   Code   RO          694    i.AREG_write        flysky.o
    0x08000790   0x00000004   Code   RO         2415    i.BusFault_Handler  stm32f10x_it.o
    0x08000794   0x0000004c   Code   RO          695    i.CH_OUT            flysky.o
    0x080007e0   0x00000164   Code   RO          376    i.Call_AK8975       mpu9250.o
    0x08000944   0x00000d30   Code   RO          547    i.Call_IMUupdate    imu.o
    0x08001674   0x00000324   Code   RO          377    i.Call_MPU6050_Data_Prepare  mpu9250.o
    0x08001998   0x00000002   Code   RO         2416    i.DebugMon_Handler  stm32f10x_it.o
    0x0800199a   0x00000002   PAD
    0x0800199c   0x000001c4   Code   RO          591    i.EXTI4_IRQHandler  ultrasound.o
    0x08001b60   0x0000000c   Code   RO         1135    i.EXTI_ClearITPendingBit  stm32f10x_exti.o
    0x08001b6c   0x00000094   Code   RO         1140    i.EXTI_Init         stm32f10x_exti.o
    0x08001c00   0x00000116   Code   RO         1368    i.GPIO_Init         stm32f10x_gpio.o
    0x08001d16   0x00000002   PAD
    0x08001d18   0x00000090   Code   RO         1370    i.GPIO_PinRemapConfig  stm32f10x_gpio.o
    0x08001da8   0x00000004   Code   RO         1375    i.GPIO_ResetBits    stm32f10x_gpio.o
    0x08001dac   0x00000004   Code   RO         1376    i.GPIO_SetBits      stm32f10x_gpio.o
    0x08001db0   0x00000004   Code   RO         2417    i.HardFault_Handler  stm32f10x_it.o
    0x08001db4   0x00000050   Code   RO          493    i.IIC_Ack           mpuiic.o
    0x08001e04   0x00000038   Code   RO          494    i.IIC_Init          mpuiic.o
    0x08001e3c   0x00000050   Code   RO          495    i.IIC_NAck          mpuiic.o
    0x08001e8c   0x00000070   Code   RO          496    i.IIC_Read_Byte     mpuiic.o
    0x08001efc   0x00000068   Code   RO          497    i.IIC_Send_Byte     mpuiic.o
    0x08001f64   0x0000004c   Code   RO          498    i.IIC_Start         mpuiic.o
    0x08001fb0   0x0000004c   Code   RO          499    i.IIC_Stop          mpuiic.o
    0x08001ffc   0x00000064   Code   RO          500    i.IIC_Wait_Ack      mpuiic.o
    0x08002060   0x00000198   Code   RO          378    i.MPU6050_Data_Offset  mpu9250.o
    0x080021f8   0x000000dc   Code   RO          379    i.MPU9250_Init      mpu9250.o
    0x080022d4   0x00000050   Code   RO          380    i.MPU_Get_Accelerometer  mpu9250.o
    0x08002324   0x00000050   Code   RO          381    i.MPU_Get_Gyroscope  mpu9250.o
    0x08002374   0x0000005a   Code   RO          382    i.MPU_Get_Magnetometer  mpu9250.o
    0x080023ce   0x00000048   Code   RO          384    i.MPU_Read_Byte     mpu9250.o
    0x08002416   0x00000074   Code   RO          385    i.MPU_Read_Len      mpu9250.o
    0x0800248a   0x00000012   Code   RO          386    i.MPU_Set_Accel_Fsr  mpu9250.o
    0x0800249c   0x00000012   Code   RO          387    i.MPU_Set_Gyro_Fsr  mpu9250.o
    0x080024ae   0x0000003c   Code   RO          388    i.MPU_Set_LPF       mpu9250.o
    0x080024ea   0x00000034   Code   RO          389    i.MPU_Set_Rate      mpu9250.o
    0x0800251e   0x0000004c   Code   RO          390    i.MPU_Write_Byte    mpu9250.o
    0x0800256a   0x00000004   Code   RO         2418    i.MemManage_Handler  stm32f10x_it.o
    0x0800256e   0x00000002   Code   RO         2419    i.NMI_Handler       stm32f10x_it.o
    0x08002570   0x00000070   Code   RO          876    i.NVIC_Init         misc.o
    0x080025e0   0x00000014   Code   RO          877    i.NVIC_PriorityGroupConfig  misc.o
    0x080025f4   0x00000002   Code   RO         2420    i.PendSV_Handler    stm32f10x_it.o
    0x080025f6   0x00000002   PAD
    0x080025f8   0x00000020   Code   RO         1478    i.RCC_APB1PeriphClockCmd  stm32f10x_rcc.o
    0x08002618   0x00000020   Code   RO         1480    i.RCC_APB2PeriphClockCmd  stm32f10x_rcc.o
    0x08002638   0x000000d4   Code   RO         1488    i.RCC_GetClocksFreq  stm32f10x_rcc.o
    0x0800270c   0x00000034   Code   RO          702    i.Read_Packet       flysky.o
    0x08002740   0x00000064   Code   RO          703    i.SPIread           flysky.o
    0x080027a4   0x00000078   Code   RO          704    i.SPIwrite          flysky.o
    0x0800281c   0x00000002   Code   RO         2421    i.SVC_Handler       stm32f10x_it.o
    0x0800281e   0x00000008   Code   RO         2535    i.SetSysClock       system_stm32f10x.o
    0x08002826   0x00000002   PAD
    0x08002828   0x000000e0   Code   RO         2536    i.SetSysClockTo72   system_stm32f10x.o
    0x08002908   0x00000024   Code   RO          705    i.Strobe            flysky.o
    0x0800292c   0x00000028   Code   RO          880    i.SysTick_CLKSourceConfig  misc.o
    0x08002954   0x00000002   Code   RO         2422    i.SysTick_Handler   stm32f10x_it.o
    0x08002956   0x00000002   PAD
    0x08002958   0x00000060   Code   RO         2538    i.SystemInit        system_stm32f10x.o
    0x080029b8   0x00000034   Code   RO          706    i.TIM6_IRQHandler   flysky.o
    0x080029ec   0x00000094   Code   RO          304    i.TIM7_IRQHandler   timer.o
    0x08002a80   0x00000018   Code   RO         1680    i.TIM_ARRPreloadConfig  stm32f10x_tim.o
    0x08002a98   0x00000006   Code   RO         1686    i.TIM_ClearFlag     stm32f10x_tim.o
    0x08002a9e   0x00000006   Code   RO         1687    i.TIM_ClearITPendingBit  stm32f10x_tim.o
    0x08002aa4   0x00000018   Code   RO         1692    i.TIM_Cmd           stm32f10x_tim.o
    0x08002abc   0x0000001e   Code   RO         1694    i.TIM_CtrlPWMOutputs  stm32f10x_tim.o
    0x08002ada   0x00000042   Code   RO         1701    i.TIM_EncoderInterfaceConfig  stm32f10x_tim.o
    0x08002b1c   0x00000022   Code   RO         1713    i.TIM_GetITStatus   stm32f10x_tim.o
    0x08002b3e   0x00000012   Code   RO         1717    i.TIM_ITConfig      stm32f10x_tim.o
    0x08002b50   0x00000098   Code   RO         1721    i.TIM_OC1Init       stm32f10x_tim.o
    0x08002be8   0x00000012   Code   RO         1724    i.TIM_OC1PreloadConfig  stm32f10x_tim.o
    0x08002bfa   0x00000002   PAD
    0x08002bfc   0x000000a4   Code   RO         1726    i.TIM_OC2Init       stm32f10x_tim.o
    0x08002ca0   0x0000001a   Code   RO         1729    i.TIM_OC2PreloadConfig  stm32f10x_tim.o
    0x08002cba   0x00000002   PAD
    0x08002cbc   0x000000a0   Code   RO         1731    i.TIM_OC3Init       stm32f10x_tim.o
    0x08002d5c   0x00000012   Code   RO         1734    i.TIM_OC3PreloadConfig  stm32f10x_tim.o
    0x08002d6e   0x00000004   Code   RO         1753    i.TIM_SetCompare1   stm32f10x_tim.o
    0x08002d72   0x00000004   Code   RO         1754    i.TIM_SetCompare2   stm32f10x_tim.o
    0x08002d76   0x00000004   Code   RO         1755    i.TIM_SetCompare3   stm32f10x_tim.o
    0x08002d7a   0x00000002   PAD
    0x08002d7c   0x000000a4   Code   RO         1763    i.TIM_TimeBaseInit  stm32f10x_tim.o
    0x08002e20   0x0000003c   Code   RO          548    i.To_180_degrees    imu.o
    0x08002e5c   0x00000104   Code   RO          646    i.USART1_IRQHandler  usart.o
    0x08002f60   0x0000001e   Code   RO         2225    i.USART_ClearITPendingBit  stm32f10x_usart.o
    0x08002f7e   0x00000018   Code   RO         2228    i.USART_Cmd         stm32f10x_usart.o
    0x08002f96   0x0000001a   Code   RO         2231    i.USART_GetFlagStatus  stm32f10x_usart.o
    0x08002fb0   0x00000054   Code   RO         2232    i.USART_GetITStatus  stm32f10x_usart.o
    0x08003004   0x0000004a   Code   RO         2234    i.USART_ITConfig    stm32f10x_usart.o
    0x0800304e   0x00000002   PAD
    0x08003050   0x000000d8   Code   RO         2235    i.USART_Init        stm32f10x_usart.o
    0x08003128   0x0000000a   Code   RO         2242    i.USART_ReceiveData  stm32f10x_usart.o
    0x08003132   0x00000004   Code   RO         2423    i.UsageFault_Handler  stm32f10x_it.o
    0x08003136   0x00000028   Code   RO         2731    i.__ARM_fpclassify  m_ws.l(fpclassify.o)
    0x0800315e   0x000000aa   Code   RO         2733    i.__kernel_poly     m_ws.l(poly.o)
    0x08003208   0x00000006   Code   RO         2718    i.__mathlib_dbl_infnan  m_ws.l(dunder.o)
    0x0800320e   0x0000000c   Code   RO         2720    i.__mathlib_dbl_invalid  m_ws.l(dunder.o)
    0x0800321a   0x00000002   PAD
    0x0800321c   0x00000010   Code   RO         2723    i.__mathlib_dbl_underflow  m_ws.l(dunder.o)
    0x0800322c   0x00000006   Code   RO          647    i._sys_exit         usart.o
    0x08003232   0x00000002   PAD
    0x08003234   0x00000270   Code   RO         2673    i.asin              m_ws.l(asin.o)
    0x080034a4   0x0000000c   Code   RO          152    i.ctrl_init         ctrl.o
    0x080034b0   0x00000044   Code   RO          224    i.delay_init        delay.o
    0x080034f4   0x0000004c   Code   RO          225    i.delay_ms          delay.o
    0x08003540   0x0000004c   Code   RO          226    i.delay_us          delay.o
    0x0800358c   0x00000040   Code   RO          153    i.enable_motor      ctrl.o
    0x080035cc   0x0000016c   Code   RO          549    i.fast_atan2        imu.o
    0x08003738   0x000001ac   Code   RO          708    i.flysky_cb         flysky.o
    0x080038e4   0x0000000c   Code   RO          710    i.flysky_loop       flysky.o
    0x080038f0   0x0000001c   Code   RO          648    i.fputc             usart.o
    0x0800390c   0x00000038   Code   RO          253    i.led0_flash        led.o
    0x08003944   0x00000050   Code   RO          255    i.led_init          led.o
    0x08003994   0x00000134   Code   RO          550    i.mag_3d_trans      imu.o
    0x08003ac8   0x0000008c   Code   RO            1    i.main              main.o
    0x08003b54   0x00000018   Code   RO          551    i.my_abs            imu.o
    0x08003b6c   0x00000124   Code   RO          280    i.pwm_init          pwm.o
    0x08003c90   0x00000164   Code   RO          281    i.set_pwm           pwm.o
    0x08003df4   0x00000060   Code   RO          155    i.set_toward        ctrl.o
    0x08003e54   0x0000002c   Code   RO          594    i.set_ultra_edge    ultrasound.o
    0x08003e80   0x000001c0   Code   RO          350    i.speed_interface_init  speed.o
    0x08004040   0x00000048   Code   RO          351    i.speed_measure     speed.o
    0x08004088   0x00000050   Code   RO          156    i.speed_value       ctrl.o
    0x080040d8   0x0000004c   Code   RO         2683    i.sqrt              m_ws.l(sqrt.o)
    0x08004124   0x00000290   Code   RO          157    i.system_ctrl       ctrl.o
    0x080043b4   0x0000005c   Code   RO          306    i.timer_init        timer.o
    0x08004410   0x0000007c   Code   RO          158    i.turn_value        ctrl.o
    0x0800448c   0x00000058   Code   RO          649    i.usart_frame_deal  usart.o
    0x080044e4   0x000000a0   Code   RO          650    i.usart_init        usart.o
    0x08004584   0x00000062   Code   RO         2616    x$fpl$d2f           fz_ws.l(d2f.o)
    0x080045e6   0x00000002   PAD
    0x080045e8   0x00000150   Code   RO         2618    x$fpl$dadd          fz_ws.l(daddsub_clz.o)
    0x08004738   0x00000010   Code   RO         2761    x$fpl$dcheck1       fz_ws.l(dcheck1.o)
    0x08004748   0x00000018   Code   RO         2763    x$fpl$dcmpinf       fz_ws.l(dcmpi.o)
    0x08004760   0x000002b0   Code   RO         2625    x$fpl$ddiv          fz_ws.l(ddiv.o)
    0x08004a10   0x00000078   Code   RO         2700    x$fpl$dleqf         fz_ws.l(dleqf.o)
    0x08004a88   0x00000154   Code   RO         2634    x$fpl$dmul          fz_ws.l(dmul.o)
    0x08004bdc   0x0000009c   Code   RO         2702    x$fpl$dnaninf       fz_ws.l(dnaninf.o)
    0x08004c78   0x0000000c   Code   RO         2704    x$fpl$dretinf       fz_ws.l(dretinf.o)
    0x08004c84   0x0000006c   Code   RO         2636    x$fpl$drleqf        fz_ws.l(drleqf.o)
    0x08004cf0   0x00000016   Code   RO         2619    x$fpl$drsb          fz_ws.l(daddsub_clz.o)
    0x08004d06   0x00000002   PAD
    0x08004d08   0x000001cc   Code   RO         2706    x$fpl$dsqrt         fz_ws.l(dsqrt_noumaal.o)
    0x08004ed4   0x000001d4   Code   RO         2620    x$fpl$dsub          fz_ws.l(daddsub_clz.o)
    0x080050a8   0x00000056   Code   RO         2638    x$fpl$f2d           fz_ws.l(f2d.o)
    0x080050fe   0x00000002   PAD
    0x08005100   0x000000c4   Code   RO         2640    x$fpl$fadd          fz_ws.l(faddsub_clz.o)
    0x080051c4   0x00000018   Code   RO         2708    x$fpl$fcmpinf       fz_ws.l(fcmpi.o)
    0x080051dc   0x00000184   Code   RO         2647    x$fpl$fdiv          fz_ws.l(fdiv.o)
    0x08005360   0x00000068   Code   RO         2650    x$fpl$feqf          fz_ws.l(feqf.o)
    0x080053c8   0x00000036   Code   RO         2652    x$fpl$ffix          fz_ws.l(ffix.o)
    0x080053fe   0x00000002   PAD
    0x08005400   0x0000003e   Code   RO         2656    x$fpl$ffixu         fz_ws.l(ffixu.o)
    0x0800543e   0x00000002   PAD
    0x08005440   0x00000030   Code   RO         2661    x$fpl$fflt          fz_ws.l(fflt_clz.o)
    0x08005470   0x00000026   Code   RO         2660    x$fpl$ffltu         fz_ws.l(fflt_clz.o)
    0x08005496   0x00000002   PAD
    0x08005498   0x00000068   Code   RO         2666    x$fpl$fleqf         fz_ws.l(fleqf.o)
    0x08005500   0x00000102   Code   RO         2668    x$fpl$fmul          fz_ws.l(fmul.o)
    0x08005602   0x0000008c   Code   RO         2710    x$fpl$fnaninf       fz_ws.l(fnaninf.o)
    0x0800568e   0x0000000a   Code   RO         2712    x$fpl$fretinf       fz_ws.l(fretinf.o)
    0x08005698   0x00000062   Code   RO         2670    x$fpl$frleqf        fz_ws.l(frleqf.o)
    0x080056fa   0x00000014   Code   RO         2641    x$fpl$frsb          fz_ws.l(faddsub_clz.o)
    0x0800570e   0x00000002   PAD
    0x08005710   0x000000ea   Code   RO         2642    x$fpl$fsub          fz_ws.l(faddsub_clz.o)
    0x080057fa   0x00000064   Code   RO         2780    x$fpl$retnan        fz_ws.l(retnan.o)
    0x0800585e   0x0000005c   Code   RO         2714    x$fpl$scalbn        fz_ws.l(scalbn.o)
    0x080058ba   0x00000030   Code   RO         2829    x$fpl$trapveneer    fz_ws.l(trapv.o)
    0x080058ea   0x00000000   Code   RO         2716    x$fpl$usenofp       fz_ws.l(usenofp.o)
    0x080058ea   0x00000133   Data   RO          713    .constdata          flysky.o
    0x08005a1d   0x00000003   PAD
    0x08005a20   0x00000050   Data   RO         2674    .constdata          m_ws.l(asin.o)
    0x08005a70   0x00000020   Data   RO         2904    Region$$Table       anon$$obj.o


    Execution Region RW_IRAM1 (Base: 0x20000000, Size: 0x00000e58, Max: 0x0000c000, ABSOLUTE, COMPRESSED[0x00000454])

    Base Addr    Size         Type   Attr      Idx    E Section Name        Object

    0x20000000   0x00000001   Data   RW          162    .data               ctrl.o
    0x20000001   0x00000001   PAD
    0x20000002   0x00000004   Data   RW          227    .data               delay.o
    0x20000006   0x00000018   Data   RW          282    .data               pwm.o
    0x2000001e   0x00000002   PAD
    0x20000020   0x00000005   Data   RW          307    .data               timer.o
    0x20000025   0x00000003   PAD
    0x20000028   0x00000043   Data   RW          393    .data               mpu9250.o
    0x2000006b   0x00000001   PAD
    0x2000006c   0x00000448   Data   RW          553    .data               imu.o
    0x200004b4   0x00000036   Data   RW          599    .data               ultrasound.o
    0x200004ea   0x00000002   PAD
    0x200004ec   0x00000013   Data   RW          651    .data               usart.o
    0x200004ff   0x00000001   PAD
    0x20000500   0x00000036   Data   RW          714    .data               flysky.o
    0x20000536   0x00000014   Data   RW         1508    .data               stm32f10x_rcc.o
    0x2000054a   0x00000002   PAD
    0x2000054c   0x00000014   Data   RW         2539    .data               system_stm32f10x.o
    0x20000560   0x000001cc   Zero   RW          392    .bss                mpu9250.o
    0x2000072c   0x00000078   Zero   RW          552    .bss                imu.o
    0x200007a4   0x00000028   Zero   RW          598    .bss                ultrasound.o
    0x200007cc   0x00000026   Zero   RW          712    .bss                flysky.o
    0x200007f2   0x00000002   PAD
    0x200007f4   0x00000060   Zero   RW         2766    .bss                c_w.l(libspace.o)
    0x20000854   0x00000004   PAD
    0x20000858   0x00000200   Zero   RW         2570    HEAP                startup_stm32f10x_hd.o
    0x20000a58   0x00000400   Zero   RW         2569    STACK               startup_stm32f10x_hd.o


==============================================================================

Image component sizes


      Code (inc. data)   RO Data    RW Data    ZI Data      Debug   Object Name

         0          0          0          0          0         32   core_cm3.o
      1032        122          0          1          0       4160   ctrl.o
       220         26          0          4          0       1531   delay.o
       972        160        307         54         38       6394   flysky.o
      4132        236          0       1096        120       5019   imu.o
       136         18          0          0          0        988   led.o
       140         32          0          0          0     255103   main.o
       172         22          0          0          0       1805   misc.o
      2954        132          0         67        460      13304   mpu9250.o
       684        102          0          0          0       3862   mpuiic.o
       648         46          0         24          0       2104   pwm.o
       520         44          0          0          0       1135   speed.o
        64         26        304          0       1536        760   startup_stm32f10x_hd.o
       160         12          0          0          0       1301   stm32f10x_exti.o
       430          6          0          0          0       3546   stm32f10x_gpio.o
        26          0          0          0          0       3502   stm32f10x_it.o
       276         32          0         20          0       4142   stm32f10x_rcc.o
       922         82          0          0          0      10384   stm32f10x_tim.o
       464          6          0          0          0       5766   stm32f10x_usart.o
       328         28          0         20          0       1969   system_stm32f10x.o
       240         24          0          5          0       4434   timer.o
       496         80          0         54         40       2287   ultrasound.o
       542         48          0         19          0       4424   usart.o

    ----------------------------------------------------------------------
     15578       1284        646       1376       2196     337952   Object Totals
         0          0         32          0          0          0   (incl. Generated)
        20          0          3         12          2          0   (incl. Padding)

    ----------------------------------------------------------------------

      Code (inc. data)   RO Data    RW Data    ZI Data      Debug   Library Member Name

        90          0          0          0          0          0   __dczerorl2.o
         8          0          0          0          0         68   __main.o
       104          0          0          0          0         84   __printf.o
         0          0          0          0          0          0   __rtentry.o
        12          0          0          0          0          0   __rtentry2.o
         6          0          0          0          0          0   __rtentry4.o
        52          8          0          0          0          0   __scatter.o
        28          0          0          0          0          0   __scatter_zi.o
        48          6          0          0          0         96   _printf_char_common.o
        36          4          0          0          0         80   _printf_char_file.o
         6          0          0          0          0          0   _printf_d.o
       120         16          0          0          0         92   _printf_dec.o
       178          0          0          0          0         88   _printf_intcommon.o
         0          0          0          0          0          0   _printf_percent.o
         4          0          0          0          0          0   _printf_percent_end.o
        22          0          0          0          0        100   _rserrno.o
        18          0          0          0          0         80   exit.o
         8          0          0          0          0         68   ferror.o
         6          0          0          0          0        152   heapauxi.o
         2          0          0          0          0          0   libinit.o
         2          0          0          0          0          0   libinit2.o
         2          0          0          0          0          0   libshutdown.o
         2          0          0          0          0          0   libshutdown2.o
         8          4          0          0         96         68   libspace.o
        24          4          0          0          0         84   noretval__2printf.o
         8          4          0          0          0         68   rt_errno_addr_intlibspace.o
        78          0          0          0          0         80   rt_memclr_w.o
         2          0          0          0          0          0   rtexit.o
        10          0          0          0          0          0   rtexit2.o
        74          0          0          0          0         80   sys_stackheap_outer.o
         2          0          0          0          0         68   use_no_semi.o
         2          0          0          0          0         68   use_no_semi_2.o
        98          4          0          0          0         92   d2f.o
       826         16          0          0          0        348   daddsub_clz.o
        16          4          0          0          0         68   dcheck1.o
        24          0          0          0          0         68   dcmpi.o
       688        140          0          0          0        208   ddiv.o
       120          4          0          0          0         92   dleqf.o
       340         12          0          0          0        104   dmul.o
       156          4          0          0          0         92   dnaninf.o
        12          0          0          0          0         68   dretinf.o
       108          0          0          0          0         80   drleqf.o
       460         56          0          0          0        120   dsqrt_noumaal.o
        86          4          0          0          0         84   f2d.o
       450          8          0          0          0        236   faddsub_clz.o
        24          0          0          0          0         68   fcmpi.o
       388         76          0          0          0         96   fdiv.o
       104          4          0          0          0         84   feqf.o
        54          4          0          0          0         84   ffix.o
        62          4          0          0          0         84   ffixu.o
        86          0          0          0          0        136   fflt_clz.o
       104          4          0          0          0         84   fleqf.o
       258          4          0          0          0         84   fmul.o
       140          4          0          0          0         84   fnaninf.o
        10          0          0          0          0         68   fretinf.o
        98          0          0          0          0         68   frleqf.o
       100          0          0          0          0         68   retnan.o
        92          0          0          0          0         68   scalbn.o
        48          0          0          0          0         68   trapv.o
         0          0          0          0          0          0   usenofp.o
       624         52         80          0          0        168   asin.o
        34          6          0          0          0        204   dunder.o
        40          0          0          0          0         68   fpclassify.o
       170          0          0          0          0         96   poly.o
        76          0          0          0          0         84   sqrt.o

    ----------------------------------------------------------------------
      6880        456         80          0        100       4848   Library Totals
        22          0          0          0          4          0   (incl. Padding)

    ----------------------------------------------------------------------

      Code (inc. data)   RO Data    RW Data    ZI Data      Debug   Library Name

       962         46          0          0         96       1424   c_w.l
      4952        352          0          0          0       2804   fz_ws.l
       944         58         80          0          0        620   m_ws.l

    ----------------------------------------------------------------------
      6880        456         80          0        100       4848   Library Totals

    ----------------------------------------------------------------------

==============================================================================


      Code (inc. data)   RO Data    RW Data    ZI Data      Debug   

     22458       1740        726       1376       2296     334476   Grand Totals
     22458       1740        726       1108       2296     334476   ELF Image Totals (compressed)
     22458       1740        726       1108          0          0   ROM Totals

==============================================================================

    Total RO  Size (Code + RO Data)                23184 (  22.64kB)
    Total RW  Size (RW Data + ZI Data)              3672 (   3.59kB)
    Total ROM Size (Code + RO Data + RW Data)      24292 (  23.72kB)

==============================================================================

